Component: ARM Compiler 5.06 update 7 (build 960) Tool: armlink [4d3601]

==============================================================================

Section Cross References

    startup_stm32f10x_md.o(RESET) refers to startup_stm32f10x_md.o(STACK) for __initial_sp
    startup_stm32f10x_md.o(RESET) refers to startup_stm32f10x_md.o(.text) for Reset_Handler
    startup_stm32f10x_md.o(RESET) refers to stm32f10x_it.o(i.NMI_Handler) for NMI_Handler
    startup_stm32f10x_md.o(RESET) refers to stm32f10x_it.o(i.HardFault_Handler) for HardFault_Handler
    startup_stm32f10x_md.o(RESET) refers to stm32f10x_it.o(i.MemManage_Handler) for MemManage_Handler
    startup_stm32f10x_md.o(RESET) refers to stm32f10x_it.o(i.BusFault_Handler) for BusFault_Handler
    startup_stm32f10x_md.o(RESET) refers to stm32f10x_it.o(i.UsageFault_Handler) for UsageFault_Handler
    startup_stm32f10x_md.o(RESET) refers to stm32f10x_it.o(i.SVC_Handler) for SVC_Handler
    startup_stm32f10x_md.o(RESET) refers to stm32f10x_it.o(i.DebugMon_Handler) for DebugMon_Handler
    startup_stm32f10x_md.o(RESET) refers to stm32f10x_it.o(i.PendSV_Handler) for PendSV_Handler
    startup_stm32f10x_md.o(RESET) refers to stm32f10x_it.o(i.SysTick_Handler) for SysTick_Handler
    startup_stm32f10x_md.o(RESET) refers to servo.o(i.TIM1_UP_IRQHandler) for TIM1_UP_IRQHandler
    startup_stm32f10x_md.o(.text) refers to system_stm32f10x.o(i.SystemInit) for SystemInit
    startup_stm32f10x_md.o(.text) refers to entry.o(.ARM.Collect$$$$00000000) for __main
    system_stm32f10x.o(i.SetSysClock) refers to system_stm32f10x.o(i.SetSysClockTo72) for SetSysClockTo72
    system_stm32f10x.o(i.SystemCoreClockUpdate) refers to system_stm32f10x.o(.data) for SystemCoreClock
    system_stm32f10x.o(i.SystemInit) refers to system_stm32f10x.o(i.SetSysClock) for SetSysClock
    stm32f10x_adc.o(i.ADC_DeInit) refers to stm32f10x_rcc.o(i.RCC_APB2PeriphResetCmd) for RCC_APB2PeriphResetCmd
    stm32f10x_bkp.o(i.BKP_DeInit) refers to stm32f10x_rcc.o(i.RCC_BackupResetCmd) for RCC_BackupResetCmd
    stm32f10x_can.o(i.CAN_DeInit) refers to stm32f10x_rcc.o(i.RCC_APB1PeriphResetCmd) for RCC_APB1PeriphResetCmd
    stm32f10x_can.o(i.CAN_GetITStatus) refers to stm32f10x_can.o(i.CheckITStatus) for CheckITStatus
    stm32f10x_cec.o(i.CEC_DeInit) refers to stm32f10x_rcc.o(i.RCC_APB1PeriphResetCmd) for RCC_APB1PeriphResetCmd
    stm32f10x_dac.o(i.DAC_DeInit) refers to stm32f10x_rcc.o(i.RCC_APB1PeriphResetCmd) for RCC_APB1PeriphResetCmd
    stm32f10x_flash.o(i.FLASH_EnableWriteProtection) refers to stm32f10x_flash.o(i.FLASH_WaitForLastOperation) for FLASH_WaitForLastOperation
    stm32f10x_flash.o(i.FLASH_EraseAllBank1Pages) refers to stm32f10x_flash.o(i.FLASH_WaitForLastBank1Operation) for FLASH_WaitForLastBank1Operation
    stm32f10x_flash.o(i.FLASH_EraseAllPages) refers to stm32f10x_flash.o(i.FLASH_WaitForLastOperation) for FLASH_WaitForLastOperation
    stm32f10x_flash.o(i.FLASH_EraseOptionBytes) refers to stm32f10x_flash.o(i.FLASH_GetReadOutProtectionStatus) for FLASH_GetReadOutProtectionStatus
    stm32f10x_flash.o(i.FLASH_EraseOptionBytes) refers to stm32f10x_flash.o(i.FLASH_WaitForLastOperation) for FLASH_WaitForLastOperation
    stm32f10x_flash.o(i.FLASH_ErasePage) refers to stm32f10x_flash.o(i.FLASH_WaitForLastOperation) for FLASH_WaitForLastOperation
    stm32f10x_flash.o(i.FLASH_ProgramHalfWord) refers to stm32f10x_flash.o(i.FLASH_WaitForLastOperation) for FLASH_WaitForLastOperation
    stm32f10x_flash.o(i.FLASH_ProgramOptionByteData) refers to stm32f10x_flash.o(i.FLASH_WaitForLastOperation) for FLASH_WaitForLastOperation
    stm32f10x_flash.o(i.FLASH_ProgramWord) refers to stm32f10x_flash.o(i.FLASH_WaitForLastOperation) for FLASH_WaitForLastOperation
    stm32f10x_flash.o(i.FLASH_ReadOutProtection) refers to stm32f10x_flash.o(i.FLASH_WaitForLastOperation) for FLASH_WaitForLastOperation
    stm32f10x_flash.o(i.FLASH_UserOptionByteConfig) refers to stm32f10x_flash.o(i.FLASH_WaitForLastOperation) for FLASH_WaitForLastOperation
    stm32f10x_flash.o(i.FLASH_WaitForLastBank1Operation) refers to stm32f10x_flash.o(i.FLASH_GetBank1Status) for FLASH_GetBank1Status
    stm32f10x_flash.o(i.FLASH_WaitForLastOperation) refers to stm32f10x_flash.o(i.FLASH_GetBank1Status) for FLASH_GetBank1Status
    stm32f10x_gpio.o(i.GPIO_AFIODeInit) refers to stm32f10x_rcc.o(i.RCC_APB2PeriphResetCmd) for RCC_APB2PeriphResetCmd
    stm32f10x_gpio.o(i.GPIO_DeInit) refers to stm32f10x_rcc.o(i.RCC_APB2PeriphResetCmd) for RCC_APB2PeriphResetCmd
    stm32f10x_i2c.o(i.I2C_DeInit) refers to stm32f10x_rcc.o(i.RCC_APB1PeriphResetCmd) for RCC_APB1PeriphResetCmd
    stm32f10x_i2c.o(i.I2C_Init) refers to stm32f10x_rcc.o(i.RCC_GetClocksFreq) for RCC_GetClocksFreq
    stm32f10x_pwr.o(i.PWR_DeInit) refers to stm32f10x_rcc.o(i.RCC_APB1PeriphResetCmd) for RCC_APB1PeriphResetCmd
    stm32f10x_rcc.o(i.RCC_GetClocksFreq) refers to stm32f10x_rcc.o(.data) for APBAHBPrescTable
[...]
    motor.o(i.Car_Backward) refers to motor.o(i.Motor4_SetSpeed) for Motor4_SetSpeed
    motor.o(i.Car_Forward) refers to motor.o(i.Motor1_SetSpeed) for Motor1_SetSpeed
    motor.o(i.Car_Forward) refers to motor.o(i.Motor2_SetSpeed) for Motor2_SetSpeed
    motor.o(i.Car_Forward) refers to motor.o(i.Motor3_SetSpeed) for Motor3_SetSpeed
    motor.o(i.Car_Forward) refers to motor.o(i.Motor4_SetSpeed) for Motor4_SetSpeed
    motor.o(i.Car_Stop) refers to motor.o(i.Motor1_SetSpeed) for Motor1_SetSpeed
    motor.o(i.Car_Stop) refers to motor.o(i.Motor2_SetSpeed) for Motor2_SetSpeed
    motor.o(i.Car_Stop) refers to motor.o(i.Motor3_SetSpeed) for Motor3_SetSpeed
    motor.o(i.Car_Stop) refers to motor.o(i.Motor4_SetSpeed) for Motor4_SetSpeed
    motor.o(i.Car_TransLeft) refers to motor.o(i.Motor1_SetSpeed) for Motor1_SetSpeed
    motor.o(i.Car_TransLeft) refers to motor.o(i.Motor2_SetSpeed) for Motor2_SetSpeed
    motor.o(i.Car_TransLeft) refers to motor.o(i.Motor3_SetSpeed) for Motor3_SetSpeed
    motor.o(i.Car_TransLeft) refers to motor.o(i.Motor4_SetSpeed) for Motor4_SetSpeed
    motor.o(i.Car_TransRight) refers to motor.o(i.Motor1_SetSpeed) for Motor1_SetSpeed
    motor.o(i.Car_TransRight) refers to motor.o(i.Motor2_SetSpeed) for Motor2_SetSpeed
    motor.o(i.Car_TransRight) refers to motor.o(i.Motor3_SetSpeed) for Motor3_SetSpeed
    motor.o(i.Car_TransRight) refers to motor.o(i.Motor4_SetSpeed) for Motor4_SetSpeed
    motor.o(i.Car_TurnLeft) refers to motor.o(i.Motor1_SetSpeed) for Motor1_SetSpeed
    motor.o(i.Car_TurnLeft) refers to motor.o(i.Motor2_SetSpeed) for Motor2_SetSpeed
    motor.o(i.Car_TurnLeft) refers to motor.o(i.Motor3_SetSpeed) for Motor3_SetSpeed
    motor.o(i.Car_TurnLeft) refers to motor.o(i.Motor4_SetSpeed) for Motor4_SetSpeed
    motor.o(i.Car_TurnRight) refers to motor.o(i.Motor1_SetSpeed) for Motor1_SetSpeed
    motor.o(i.Car_TurnRight) refers to motor.o(i.Motor2_SetSpeed) for Motor2_SetSpeed
    motor.o(i.Car_TurnRight) refers to motor.o(i.Motor3_SetSpeed) for Motor3_SetSpeed
    motor.o(i.Car_TurnRight) refers to motor.o(i.Motor4_SetSpeed) for Motor4_SetSpeed
    motor.o(i.Motor1_SetSpeed) refers to stm32f10x_tim.o(i.TIM_SetCompare2) for TIM_SetCompare2
    motor.o(i.Motor1_SetSpeed) refers to stm32f10x_tim.o(i.TIM_SetCompare1) for TIM_SetCompare1
    motor.o(i.Motor2_SetSpeed) refers to stm32f10x_tim.o(i.TIM_SetCompare3) for TIM_SetCompare3
    motor.o(i.Motor2_SetSpeed) refers to stm32f10x_tim.o(i.TIM_SetCompare4) for TIM_SetCompare4
    motor.o(i.Motor3_SetSpeed) refers to stm32f10x_tim.o(i.TIM_SetCompare1) for TIM_SetCompare1
    motor.o(i.Motor3_SetSpeed) refers to stm32f10x_tim.o(i.TIM_SetCompare2) for TIM_SetCompare2
    motor.o(i.Motor4_SetSpeed) refers to stm32f10x_tim.o(i.TIM_SetCompare4) for TIM_SetCompare4
    motor.o(i.Motor4_SetSpeed) refers to stm32f10x_tim.o(i.TIM_SetCompare3) for TIM_SetCompare3
    motor.o(i.Motor_Init) refers to stm32f10x_rcc.o(i.RCC_APB1PeriphClockCmd) for RCC_APB1PeriphClockCmd
    motor.o(i.Motor_Init) refers to stm32f10x_rcc.o(i.RCC_APB2PeriphClockCmd) for RCC_APB2PeriphClockCmd
    motor.o(i.Motor_Init) refers to stm32f10x_gpio.o(i.GPIO_Init) for GPIO_Init
    motor.o(i.Motor_Init) refers to stm32f10x_tim.o(i.TIM_InternalClockConfig) for TIM_InternalClockConfig
    motor.o(i.Motor_Init) refers to stm32f10x_tim.o(i.TIM_TimeBaseInit) for TIM_TimeBaseInit
    motor.o(i.Motor_Init) refers to stm32f10x_tim.o(i.TIM_OCStructInit) for TIM_OCStructInit
    motor.o(i.Motor_Init) refers to stm32f10x_tim.o(i.TIM_OC1Init) for TIM_OC1Init
    motor.o(i.Motor_Init) refers to stm32f10x_tim.o(i.TIM_OC2Init) for TIM_OC2Init
    motor.o(i.Motor_Init) refers to stm32f10x_tim.o(i.TIM_OC3Init) for TIM_OC3Init
    motor.o(i.Motor_Init) refers to stm32f10x_tim.o(i.TIM_OC4Init) for TIM_OC4Init
    motor.o(i.Motor_Init) refers to stm32f10x_tim.o(i.TIM_Cmd) for TIM_Cmd
    sensor.o(i.Sensor0_Get_State) refers to stm32f10x_gpio.o(i.GPIO_ReadInputDataBit) for GPIO_ReadInputDataBit
    sensor.o(i.Sensor1_Get_State) refers to stm32f10x_gpio.o(i.GPIO_ReadInputDataBit) for GPIO_ReadInputDataBit
    sensor.o(i.Sensor2_Get_State) refers to stm32f10x_gpio.o(i.GPIO_ReadInputDataBit) for GPIO_ReadInputDataBit
    sensor.o(i.Sensor3_Get_State) refers to stm32f10x_gpio.o(i.GPIO_ReadInputDataBit) for GPIO_ReadInputDataBit
    sensor.o(i.Sensor_Init) refers to stm32f10x_rcc.o(i.RCC_APB2PeriphClockCmd) for RCC_APB2PeriphClockCmd
    sensor.o(i.Sensor_Init) refers to stm32f10x_gpio.o(i.GPIO_Init) for GPIO_Init
    servo.o(i.RobotArm_DropHand) refers to servo.o(i.Robot_LeftPwm_Set) for Robot_LeftPwm_Set
    servo.o(i.RobotArm_DropHand) refers to servo.o(.data) for robotarm_left
    servo.o(i.RobotArm_LetHand) refers to servo.o(i.Robot_UpPwm_Set) for Robot_UpPwm_Set
    servo.o(i.RobotArm_LetHand) refers to servo.o(.data) for robotarm_up
    servo.o(i.RobotArm_RaiseHand) refers to servo.o(i.Robot_LeftPwm_Set) for Robot_LeftPwm_Set
    servo.o(i.RobotArm_RaiseHand) refers to servo.o(.data) for robotarm_left
    servo.o(i.RobotArm_ShakeHand) refers to servo.o(i.Robot_UpPwm_Set) for Robot_UpPwm_Set
    servo.o(i.RobotArm_ShakeHand) refers to servo.o(.data) for robotarm_up
    servo.o(i.RobotArm_ShinkHand) refers to servo.o(i.Robot_RightPwm_Set) for Robot_RightPwm_Set
    servo.o(i.RobotArm_ShinkHand) refers to servo.o(.data) for robotarm_right
    servo.o(i.RobotArm_StrechHand) refers to servo.o(i.Robot_RightPwm_Set) for Robot_RightPwm_Set
    servo.o(i.RobotArm_StrechHand) refers to servo.o(.data) for robotarm_right
    servo.o(i.Robot_Arm_Gpio_Init) refers to stm32f10x_rcc.o(i.RCC_APB2PeriphClockCmd) for RCC_APB2PeriphClockCmd
    servo.o(i.Robot_Arm_Gpio_Init) refers to stm32f10x_gpio.o(i.GPIO_Init) for GPIO_Init
    servo.o(i.Robot_Arm_Gpio_Init) refers to stm32f10x_gpio.o(i.GPIO_SetBits) for GPIO_SetBits
    servo.o(i.Robot_LeftPwm_Set) refers to servo.o(.data) for robotarm_left
    servo.o(i.Robot_RightPwm_Set) refers to servo.o(.data) for robotarm_right
    servo.o(i.Robot_UpPwm_Set) refers to servo.o(.data) for robotarm_up
    servo.o(i.Servo_Init) refers to servo.o(i.Robot_Arm_Gpio_Init) for Robot_Arm_Gpio_Init
    servo.o(i.Servo_Init) refers to servo.o(i.Servo_Time_Init) for Servo_Time_Init
    servo.o(i.Servo_Init) refers to servo.o(i.Robot_LeftPwm_Set) for Robot_LeftPwm_Set
    servo.o(i.Servo_Init) refers to servo.o(i.Robot_RightPwm_Set) for Robot_RightPwm_Set
    servo.o(i.Servo_Init) refers to servo.o(i.Robot_UpPwm_Set) for Robot_UpPwm_Set
    servo.o(i.Servo_Init) refers to servo.o(.data) for robotarm_left
    servo.o(i.Servo_Time_Init) refers to stm32f10x_rcc.o(i.RCC_APB2PeriphClockCmd) for RCC_APB2PeriphClockCmd
    servo.o(i.Servo_Time_Init) refers to stm32f10x_tim.o(i.TIM_InternalClockConfig) for TIM_InternalClockConfig
    servo.o(i.Servo_Time_Init) refers to stm32f10x_tim.o(i.TIM_TimeBaseInit) for TIM_TimeBaseInit
    servo.o(i.Servo_Time_Init) refers to stm32f10x_tim.o(i.TIM_ClearFlag) for TIM_ClearFlag
    servo.o(i.Servo_Time_Init) refers to stm32f10x_tim.o(i.TIM_ITConfig) for TIM_ITConfig
    servo.o(i.Servo_Time_Init) refers to misc.o(i.NVIC_Init) for NVIC_Init
    servo.o(i.Servo_Time_Init) refers to stm32f10x_tim.o(i.TIM_Cmd) for TIM_Cmd
    servo.o(i.TIM1_UP_IRQHandler) refers to stm32f10x_tim.o(i.TIM_GetITStatus) for TIM_GetITStatus
    servo.o(i.TIM1_UP_IRQHandler) refers to stm32f10x_tim.o(i.TIM_ClearITPendingBit) for TIM_ClearITPendingBit
    servo.o(i.TIM1_UP_IRQHandler) refers to stm32f10x_gpio.o(i.GPIO_SetBits) for GPIO_SetBits
    servo.o(i.TIM1_UP_IRQHandler) refers to stm32f10x_gpio.o(i.GPIO_ResetBits) for GPIO_ResetBits
    servo.o(i.TIM1_UP_IRQHandler) refers to servo.o(.data) for counter
    ps2.o(i.PS2_CS_H) refers to stm32f10x_gpio.o(i.GPIO_SetBits) for GPIO_SetBits
    ps2.o(i.PS2_CS_L) refers to stm32f10x_gpio.o(i.GPIO_ResetBits) for GPIO_ResetBits
    ps2.o(i.PS2_ClearData) refers to ps2.o(.bss) for Data
    ps2.o(i.PS2_Cmd) refers to ps2.o(i.PS2_DO_H) for PS2_DO_H
    ps2.o(i.PS2_Cmd) refers to ps2.o(i.PS2_DO_L) for PS2_DO_L
    ps2.o(i.PS2_Cmd) refers to ps2.o(i.PS2_Delay_US) for PS2_Delay_US
    ps2.o(i.PS2_Cmd) refers to ps2.o(i.PS2_SCK_L) for PS2_SCK_L
    ps2.o(i.PS2_Cmd) refers to ps2.o(i.PS2_DI) for PS2_DI
    ps2.o(i.PS2_Cmd) refers to ps2.o(i.PS2_SCK_H) for PS2_SCK_H
    ps2.o(i.PS2_DI) refers to stm32f10x_gpio.o(i.GPIO_ReadInputDataBit) for GPIO_ReadInputDataBit
    ps2.o(i.PS2_DO_H) refers to stm32f10x_gpio.o(i.GPIO_SetBits) for GPIO_SetBits
    ps2.o(i.PS2_DO_L) refers to stm32f10x_gpio.o(i.GPIO_ResetBits) for GPIO_ResetBits
    ps2.o(i.PS2_EnterConfing) refers to ps2.o(i.PS2_CS_L) for PS2_CS_L
    ps2.o(i.PS2_EnterConfing) refers to ps2.o(i.PS2_Delay_US) for PS2_Delay_US
    ps2.o(i.PS2_EnterConfing) refers to ps2.o(i.PS2_Cmd) for PS2_Cmd
    ps2.o(i.PS2_EnterConfing) refers to ps2.o(i.PS2_CS_H) for PS2_CS_H
    ps2.o(i.PS2_ExitConfing) refers to ps2.o(i.PS2_CS_L) for PS2_CS_L
    ps2.o(i.PS2_ExitConfing) refers to ps2.o(i.PS2_Delay_US) for PS2_Delay_US
    ps2.o(i.PS2_ExitConfing) refers to ps2.o(i.PS2_Cmd) for PS2_Cmd
    ps2.o(i.PS2_ExitConfing) refers to ps2.o(i.PS2_CS_H) for PS2_CS_H
    ps2.o(i.PS2_GPIO_Init) refers to stm32f10x_rcc.o(i.RCC_APB2PeriphClockCmd) for RCC_APB2PeriphClockCmd
    ps2.o(i.PS2_GPIO_Init) refers to stm32f10x_gpio.o(i.GPIO_Init) for GPIO_Init
    ps2.o(i.PS2_Init) refers to ps2.o(i.PS2_GPIO_Init) for PS2_GPIO_Init
    ps2.o(i.PS2_Init) refers to ps2.o(i.PS2_SCK_H) for PS2_SCK_H
    ps2.o(i.PS2_Init) refers to ps2.o(i.PS2_CS_H) for PS2_CS_H
    ps2.o(i.PS2_Init) refers to ps2.o(i.PS2_ShortPoll) for PS2_ShortPoll
    ps2.o(i.PS2_Init) refers to ps2.o(i.PS2_EnterConfing) for PS2_EnterConfing
    ps2.o(i.PS2_Init) refers to ps2.o(i.PS2_TurnOnAnalogMode) for PS2_TurnOnAnalogMode
    ps2.o(i.PS2_Init) refers to ps2.o(i.PS2_ExitConfing) for PS2_ExitConfing
    ps2.o(i.PS2_Init) refers to ps2.o(i.ps2_mode_get) for ps2_mode_get
    ps2.o(i.PS2_ReadData) refers to ps2.o(i.PS2_CS_L) for PS2_CS_L
    ps2.o(i.PS2_ReadData) refers to ps2.o(i.PS2_Delay_US) for PS2_Delay_US
    ps2.o(i.PS2_ReadData) refers to ps2.o(i.PS2_Cmd) for PS2_Cmd
    ps2.o(i.PS2_ReadData) refers to ps2.o(i.PS2_CS_H) for PS2_CS_H
    ps2.o(i.PS2_ReadData) refers to ps2.o(.data) for Comd
    ps2.o(i.PS2_ReadData) refers to ps2.o(.bss) for Data
    ps2.o(i.PS2_SCK_H) refers to stm32f10x_gpio.o(i.GPIO_SetBits) for GPIO_SetBits
    ps2.o(i.PS2_SCK_L) refers to stm32f10x_gpio.o(i.GPIO_ResetBits) for GPIO_ResetBits
    ps2.o(i.PS2_ShortPoll) refers to ps2.o(i.PS2_CS_L) for PS2_CS_L
    ps2.o(i.PS2_ShortPoll) refers to ps2.o(i.PS2_Delay_US) for PS2_Delay_US
    ps2.o(i.PS2_ShortPoll) refers to ps2.o(i.PS2_Cmd) for PS2_Cmd
    ps2.o(i.PS2_ShortPoll) refers to ps2.o(i.PS2_CS_H) for PS2_CS_H
    ps2.o(i.PS2_TurnOnAnalogMode) refers to ps2.o(i.PS2_CS_L) for PS2_CS_L
    ps2.o(i.PS2_TurnOnAnalogMode) refers to ps2.o(i.PS2_Delay_US) for PS2_Delay_US
    ps2.o(i.PS2_TurnOnAnalogMode) refers to ps2.o(i.PS2_Cmd) for PS2_Cmd
    ps2.o(i.PS2_TurnOnAnalogMode) refers to ps2.o(i.PS2_CS_H) for PS2_CS_H
    ps2.o(i.PS2_Vibration) refers to ps2.o(i.PS2_CS_L) for PS2_CS_L
    ps2.o(i.PS2_Vibration) refers to ps2.o(i.PS2_Delay_US) for PS2_Delay_US
    ps2.o(i.PS2_Vibration) refers to ps2.o(i.PS2_Cmd) for PS2_Cmd
    ps2.o(i.PS2_Vibration) refers to ps2.o(i.PS2_CS_H) for PS2_CS_H
    ps2.o(i.PS2_VibrationMode) refers to ps2.o(i.PS2_CS_L) for PS2_CS_L
    ps2.o(i.PS2_VibrationMode) refers to ps2.o(i.PS2_Delay_US) for PS2_Delay_US
    ps2.o(i.PS2_VibrationMode) refers to ps2.o(i.PS2_Cmd) for PS2_Cmd
    ps2.o(i.PS2_VibrationMode) refers to ps2.o(i.PS2_CS_H) for PS2_CS_H
    ps2.o(i.ps2_get_anolog_data) refers to ps2.o(.bss) for Data
    ps2.o(i.ps2_get_key_state) refers to ps2.o(.data) for MASK
    ps2.o(i.ps2_key_serch) refers to ps2.o(i.PS2_ReadData) for PS2_ReadData
    ps2.o(i.ps2_key_serch) refers to ps2.o(.bss) for Data
    ps2.o(i.ps2_key_serch) refers to ps2.o(.data) for Handkey
    ps2.o(i.ps2_mode_get) refers to ps2.o(.bss) for Data
    ps2.o(i.ps2_mode_get) refers to ps2.o(.data) for ps2_mode
    main.o(i.main) refers to misc.o(i.NVIC_PriorityGroupConfig) for NVIC_PriorityGroupConfig
    main.o(i.main) refers to ps2.o(i.PS2_Init) for PS2_Init
    main.o(i.main) refers to motor.o(i.Motor_Init) for Motor_Init
    main.o(i.main) refers to servo.o(i.Servo_Init) for Servo_Init
    main.o(i.main) refers to ps2.o(i.ps2_key_serch) for ps2_key_serch
    main.o(i.main) refers to ps2.o(i.ps2_mode_get) for ps2_mode_get
    main.o(i.main) refers to motor.o(i.Car_Forward) for Car_Forward
    main.o(i.main) refers to ps2.o(i.ps2_get_anolog_data) for ps2_get_anolog_data
    main.o(i.main) refers to motor.o(i.Car_Backward) for Car_Backward
    main.o(i.main) refers to motor.o(i.Car_TransLeft) for Car_TransLeft
    main.o(i.main) refers to motor.o(i.Car_TransRight) for Car_TransRight
    main.o(i.main) refers to ps2.o(i.ps2_get_key_state) for ps2_get_key_state
    main.o(i.main) refers to motor.o(i.Car_TurnLeft) for Car_TurnLeft
    main.o(i.main) refers to motor.o(i.Car_TurnRight) for Car_TurnRight
    main.o(i.main) refers to servo.o(i.RobotArm_RaiseHand) for RobotArm_RaiseHand
    main.o(i.main) refers to servo.o(i.RobotArm_DropHand) for RobotArm_DropHand
    main.o(i.main) refers to servo.o(i.RobotArm_StrechHand) for RobotArm_StrechHand
    main.o(i.main) refers to servo.o(i.RobotArm_ShinkHand) for RobotArm_ShinkHand
    main.o(i.main) refers to servo.o(i.RobotArm_ShakeHand) for RobotArm_ShakeHand
    main.o(i.main) refers to servo.o(i.RobotArm_LetHand) for RobotArm_LetHand
    main.o(i.main) refers to delay.o(i.Delay_ms) for Delay_ms
    main.o(i.main) refers to main.o(.data) for KeyNum
    entry.o(.ARM.Collect$$$$00000000) refers (Special) to entry10a.o(.ARM.Collect$$$$0000000F) for __rt_final_cpp
    entry.o(.ARM.Collect$$$$00000000) refers (Special) to entry11a.o(.ARM.Collect$$$$00000011) for __rt_final_exit
    entry.o(.ARM.Collect$$$$00000000) refers (Special) to entry12b.o(.ARM.Collect$$$$0000000E) for __rt_lib_shutdown_fini
    entry.o(.ARM.Collect$$$$00000000) refers (Special) to entry7b.o(.ARM.Collect$$$$00000008) for _main_clock
    entry.o(.ARM.Collect$$$$00000000) refers (Special) to entry8b.o(.ARM.Collect$$$$0000000A) for _main_cpp_init
    entry.o(.ARM.Collect$$$$00000000) refers (Special) to entry9a.o(.ARM.Collect$$$$0000000B) for _main_init
    entry.o(.ARM.Collect$$$$00000000) refers (Special) to entry5.o(.ARM.Collect$$$$00000004) for _main_scatterload
    entry.o(.ARM.Collect$$$$00000000) refers (Special) to entry2.o(.ARM.Collect$$$$00000001) for _main_stk
    entry2.o(.ARM.Collect$$$$00000001) refers to entry2.o(.ARM.Collect$$$$00002712) for __lit__00000000
    entry2.o(.ARM.Collect$$$$00002712) refers to startup_stm32f10x_md.o(STACK) for __initial_sp
    entry2.o(__vectab_stack_and_reset_area) refers to startup_stm32f10x_md.o(STACK) for __initial_sp
    entry2.o(__vectab_stack_and_reset_area) refers to entry.o(.ARM.Collect$$$$00000000) for __main
    entry5.o(.ARM.Collect$$$$00000004) refers to init.o(.text) for __scatterload
    entry9a.o(.ARM.Collect$$$$0000000B) refers to main.o(i.main) for main
    entry9b.o(.ARM.Collect$$$$0000000C) refers to main.o(i.main) for main
    init.o(.text) refers to entry5.o(.ARM.Collect$$$$00000004) for __main_after_scatterload


==============================================================================

Removing Unused input sections from the image.

    Removing startup_stm32f10x_md.o(HEAP), (512 bytes).
    Removing core_cm3.o(.emb_text), (32 bytes).
    Removing system_stm32f10x.o(i.SystemCoreClockUpdate), (164 bytes).
    Removing system_stm32f10x.o(.data), (20 bytes).
    Removing misc.o(i.NVIC_SetVectorTable), (20 bytes).
    Removing misc.o(i.NVIC_SystemLPConfig), (32 bytes).
    Removing misc.o(i.SysTick_CLKSourceConfig), (40 bytes).
    Removing stm32f10x_adc.o(i.ADC_AnalogWatchdogCmd), (20 bytes).
    Removing stm32f10x_adc.o(i.ADC_AnalogWatchdogSingleChannelConfig), (16 bytes).
    Removing stm32f10x_adc.o(i.ADC_AnalogWatchdogThresholdsConfig), (6 bytes).
    Removing stm32f10x_adc.o(i.ADC_AutoInjectedConvCmd), (22 bytes).
    Removing stm32f10x_adc.o(i.ADC_ClearFlag), (6 bytes).
    Removing stm32f10x_adc.o(i.ADC_ClearITPendingBit), (10 bytes).
    Removing stm32f10x_adc.o(i.ADC_Cmd), (22 bytes).
    Removing stm32f10x_adc.o(i.ADC_DMACmd), (22 bytes).
    Removing stm32f10x_adc.o(i.ADC_DeInit), (92 bytes).
    Removing stm32f10x_adc.o(i.ADC_DiscModeChannelCountConfig), (24 bytes).
    Removing stm32f10x_adc.o(i.ADC_DiscModeCmd), (22 bytes).
    Removing stm32f10x_adc.o(i.ADC_ExternalTrigConvCmd), (22 bytes).
    Removing stm32f10x_adc.o(i.ADC_ExternalTrigInjectedConvCmd), (22 bytes).
    Removing stm32f10x_adc.o(i.ADC_ExternalTrigInjectedConvConfig), (16 bytes).
    Removing stm32f10x_adc.o(i.ADC_GetCalibrationStatus), (20 bytes).
    Removing stm32f10x_adc.o(i.ADC_GetConversionValue), (8 bytes).
    Removing stm32f10x_adc.o(i.ADC_GetDualModeConversionValue), (12 bytes).
    Removing stm32f10x_adc.o(i.ADC_GetFlagStatus), (18 bytes).
    Removing stm32f10x_adc.o(i.ADC_GetITStatus), (36 bytes).
    Removing stm32f10x_adc.o(i.ADC_GetInjectedConversionValue), (28 bytes).
    Removing stm32f10x_adc.o(i.ADC_GetResetCalibrationStatus), (20 bytes).
    Removing stm32f10x_adc.o(i.ADC_GetSoftwareStartConvStatus), (20 bytes).
    Removing stm32f10x_adc.o(i.ADC_GetSoftwareStartInjectedConvCmdStatus), (20 bytes).
    Removing stm32f10x_adc.o(i.ADC_ITConfig), (24 bytes).
    Removing stm32f10x_adc.o(i.ADC_Init), (80 bytes).
    Removing stm32f10x_adc.o(i.ADC_InjectedChannelConfig), (130 bytes).
    Removing stm32f10x_adc.o(i.ADC_InjectedDiscModeCmd), (22 bytes).
    Removing stm32f10x_adc.o(i.ADC_InjectedSequencerLengthConfig), (24 bytes).
    Removing stm32f10x_adc.o(i.ADC_RegularChannelConfig), (184 bytes).
    Removing stm32f10x_adc.o(i.ADC_ResetCalibration), (10 bytes).
    Removing stm32f10x_adc.o(i.ADC_SetInjectedOffset), (20 bytes).
    Removing stm32f10x_adc.o(i.ADC_SoftwareStartConvCmd), (22 bytes).
    Removing stm32f10x_adc.o(i.ADC_SoftwareStartInjectedConvCmd), (22 bytes).
    Removing stm32f10x_adc.o(i.ADC_StartCalibration), (10 bytes).
    Removing stm32f10x_adc.o(i.ADC_StructInit), (18 bytes).
    Removing stm32f10x_adc.o(i.ADC_TempSensorVrefintCmd), (36 bytes).
    Removing stm32f10x_bkp.o(i.BKP_ClearFlag), (20 bytes).
    Removing stm32f10x_bkp.o(i.BKP_ClearITPendingBit), (20 bytes).
    Removing stm32f10x_bkp.o(i.BKP_DeInit), (16 bytes).
    Removing stm32f10x_bkp.o(i.BKP_GetFlagStatus), (12 bytes).
    Removing stm32f10x_bkp.o(i.BKP_GetITStatus), (12 bytes).
    Removing stm32f10x_bkp.o(i.BKP_ITConfig), (12 bytes).
    Removing stm32f10x_bkp.o(i.BKP_RTCOutputConfig), (28 bytes).
    Removing stm32f10x_bkp.o(i.BKP_ReadBackupRegister), (28 bytes).
    Removing stm32f10x_bkp.o(i.BKP_SetRTCCalibrationValue), (28 bytes).
    Removing stm32f10x_bkp.o(i.BKP_TamperPinCmd), (12 bytes).
    Removing stm32f10x_bkp.o(i.BKP_TamperPinLevelConfig), (12 bytes).
    Removing stm32f10x_bkp.o(i.BKP_WriteBackupRegister), (28 bytes).
    Removing stm32f10x_can.o(i.CAN_CancelTransmit), (48 bytes).
    Removing stm32f10x_can.o(i.CAN_ClearFlag), (56 bytes).
    Removing stm32f10x_can.o(i.CAN_ClearITPendingBit), (168 bytes).
    Removing stm32f10x_can.o(i.CAN_DBGFreeze), (22 bytes).
    Removing stm32f10x_can.o(i.CAN_DeInit), (56 bytes).
    Removing stm32f10x_can.o(i.CAN_FIFORelease), (22 bytes).
    Removing stm32f10x_can.o(i.CAN_FilterInit), (264 bytes).
    Removing stm32f10x_can.o(i.CAN_GetFlagStatus), (120 bytes).
    Removing stm32f10x_can.o(i.CAN_GetITStatus), (288 bytes).
    Removing stm32f10x_can.o(i.CAN_GetLSBTransmitErrorCounter), (12 bytes).
    Removing stm32f10x_can.o(i.CAN_GetLastErrorCode), (12 bytes).
    Removing stm32f10x_can.o(i.CAN_GetReceiveErrorCounter), (10 bytes).
    Removing stm32f10x_can.o(i.CAN_ITConfig), (18 bytes).
    Removing stm32f10x_can.o(i.CAN_Init), (276 bytes).
    Removing stm32f10x_can.o(i.CAN_MessagePending), (30 bytes).
    Removing stm32f10x_can.o(i.CAN_OperatingModeRequest), (162 bytes).
    Removing stm32f10x_can.o(i.CAN_Receive), (240 bytes).
    Removing stm32f10x_can.o(i.CAN_SlaveStartBank), (52 bytes).
    Removing stm32f10x_can.o(i.CAN_Sleep), (30 bytes).
    Removing stm32f10x_can.o(i.CAN_StructInit), (32 bytes).
    Removing stm32f10x_can.o(i.CAN_TTComModeCmd), (118 bytes).
    Removing stm32f10x_can.o(i.CAN_Transmit), (294 bytes).
    Removing stm32f10x_can.o(i.CAN_TransmitStatus), (160 bytes).
    Removing stm32f10x_can.o(i.CAN_WakeUp), (48 bytes).
    Removing stm32f10x_can.o(i.CheckITStatus), (18 bytes).
    Removing stm32f10x_cec.o(i.CEC_ClearFlag), (36 bytes).
    Removing stm32f10x_cec.o(i.CEC_ClearITPendingBit), (36 bytes).
    Removing stm32f10x_cec.o(i.CEC_Cmd), (32 bytes).
    Removing stm32f10x_cec.o(i.CEC_DeInit), (22 bytes).
    Removing stm32f10x_cec.o(i.CEC_EndOfMessageCmd), (12 bytes).
    Removing stm32f10x_cec.o(i.CEC_GetFlagStatus), (48 bytes).
    Removing stm32f10x_cec.o(i.CEC_GetITStatus), (40 bytes).
    Removing stm32f10x_cec.o(i.CEC_ITConfig), (12 bytes).
    Removing stm32f10x_cec.o(i.CEC_Init), (32 bytes).
    Removing stm32f10x_cec.o(i.CEC_OwnAddressConfig), (12 bytes).
    Removing stm32f10x_cec.o(i.CEC_ReceiveDataByte), (12 bytes).
    Removing stm32f10x_cec.o(i.CEC_SendDataByte), (12 bytes).
    Removing stm32f10x_cec.o(i.CEC_SetPrescaler), (12 bytes).
    Removing stm32f10x_cec.o(i.CEC_StartOfMessage), (12 bytes).
    Removing stm32f10x_crc.o(i.CRC_CalcBlockCRC), (36 bytes).
    Removing stm32f10x_crc.o(i.CRC_CalcCRC), (16 bytes).
    Removing stm32f10x_crc.o(i.CRC_GetCRC), (12 bytes).
    Removing stm32f10x_crc.o(i.CRC_GetIDRegister), (12 bytes).
    Removing stm32f10x_crc.o(i.CRC_ResetDR), (12 bytes).
    Removing stm32f10x_crc.o(i.CRC_SetIDRegister), (12 bytes).
    Removing stm32f10x_dac.o(i.DAC_Cmd), (40 bytes).
    Removing stm32f10x_dac.o(i.DAC_DMACmd), (44 bytes).
    Removing stm32f10x_dac.o(i.DAC_DeInit), (22 bytes).
    Removing stm32f10x_dac.o(i.DAC_DualSoftwareTriggerCmd), (36 bytes).
    Removing stm32f10x_dac.o(i.DAC_GetDataOutputValue), (36 bytes).
    Removing stm32f10x_dac.o(i.DAC_Init), (52 bytes).
    Removing stm32f10x_dac.o(i.DAC_SetChannel1Data), (32 bytes).
    Removing stm32f10x_dac.o(i.DAC_SetChannel2Data), (32 bytes).
    Removing stm32f10x_dac.o(i.DAC_SetDualChannelData), (36 bytes).
    Removing stm32f10x_dac.o(i.DAC_SoftwareTriggerCmd), (44 bytes).
    Removing stm32f10x_dac.o(i.DAC_StructInit), (12 bytes).
    Removing stm32f10x_dac.o(i.DAC_WaveGenerationCmd), (40 bytes).
    Removing stm32f10x_dbgmcu.o(i.DBGMCU_Config), (32 bytes).
    Removing stm32f10x_dbgmcu.o(i.DBGMCU_GetDEVID), (16 bytes).
    Removing stm32f10x_dbgmcu.o(i.DBGMCU_GetREVID), (12 bytes).
    Removing stm32f10x_dma.o(i.DMA_ClearFlag), (28 bytes).
    Removing stm32f10x_dma.o(i.DMA_ClearITPendingBit), (28 bytes).
    Removing stm32f10x_dma.o(i.DMA_Cmd), (24 bytes).
    Removing stm32f10x_dma.o(i.DMA_DeInit), (332 bytes).
    Removing stm32f10x_dma.o(i.DMA_GetCurrDataCounter), (8 bytes).
    Removing stm32f10x_dma.o(i.DMA_GetFlagStatus), (44 bytes).
    Removing stm32f10x_dma.o(i.DMA_GetITStatus), (44 bytes).
    Removing stm32f10x_dma.o(i.DMA_ITConfig), (18 bytes).
    Removing stm32f10x_dma.o(i.DMA_Init), (60 bytes).
    Removing stm32f10x_dma.o(i.DMA_SetCurrDataCounter), (4 bytes).
    Removing stm32f10x_dma.o(i.DMA_StructInit), (26 bytes).
    Removing stm32f10x_exti.o(i.EXTI_ClearFlag), (12 bytes).
    Removing stm32f10x_exti.o(i.EXTI_ClearITPendingBit), (12 bytes).
    Removing stm32f10x_exti.o(i.EXTI_DeInit), (36 bytes).
    Removing stm32f10x_exti.o(i.EXTI_GenerateSWInterrupt), (16 bytes).
    Removing stm32f10x_exti.o(i.EXTI_GetFlagStatus), (24 bytes).
    Removing stm32f10x_exti.o(i.EXTI_GetITStatus), (40 bytes).
    Removing stm32f10x_exti.o(i.EXTI_Init), (148 bytes).
    Removing stm32f10x_exti.o(i.EXTI_StructInit), (16 bytes).
    Removing stm32f10x_flash.o(i.FLASH_ClearFlag), (12 bytes).
    Removing stm32f10x_flash.o(i.FLASH_EnableWriteProtection), (196 bytes).
    Removing stm32f10x_flash.o(i.FLASH_EraseAllBank1Pages), (72 bytes).
    Removing stm32f10x_flash.o(i.FLASH_EraseAllPages), (72 bytes).
    Removing stm32f10x_flash.o(i.FLASH_EraseOptionBytes), (168 bytes).
    Removing stm32f10x_flash.o(i.FLASH_ErasePage), (76 bytes).
    Removing stm32f10x_flash.o(i.FLASH_GetBank1Status), (52 bytes).
    Removing stm32f10x_flash.o(i.FLASH_GetFlagStatus), (48 bytes).
    Removing stm32f10x_flash.o(i.FLASH_GetPrefetchBufferStatus), (24 bytes).
    Removing stm32f10x_flash.o(i.FLASH_GetReadOutProtectionStatus), (24 bytes).
    Removing stm32f10x_flash.o(i.FLASH_GetStatus), (52 bytes).
    Removing stm32f10x_flash.o(i.FLASH_GetUserOptionByte), (12 bytes).
    Removing stm32f10x_flash.o(i.FLASH_GetWriteProtectionOptionByte), (12 bytes).
    Removing stm32f10x_flash.o(i.FLASH_HalfCycleAccessCmd), (28 bytes).
    Removing stm32f10x_flash.o(i.FLASH_ITConfig), (32 bytes).
    Removing stm32f10x_flash.o(i.FLASH_Lock), (20 bytes).
    Removing stm32f10x_flash.o(i.FLASH_LockBank1), (20 bytes).
    Removing stm32f10x_flash.o(i.FLASH_PrefetchBufferCmd), (28 bytes).
    Removing stm32f10x_flash.o(i.FLASH_ProgramHalfWord), (64 bytes).
    Removing stm32f10x_flash.o(i.FLASH_ProgramOptionByteData), (84 bytes).
    Removing stm32f10x_flash.o(i.FLASH_ProgramWord), (108 bytes).
    Removing stm32f10x_flash.o(i.FLASH_ReadOutProtection), (172 bytes).
    Removing stm32f10x_flash.o(i.FLASH_SetLatency), (24 bytes).
    Removing stm32f10x_flash.o(i.FLASH_Unlock), (24 bytes).
    Removing stm32f10x_flash.o(i.FLASH_UnlockBank1), (24 bytes).
    Removing stm32f10x_flash.o(i.FLASH_UserOptionByteConfig), (104 bytes).
    Removing stm32f10x_flash.o(i.FLASH_WaitForLastBank1Operation), (38 bytes).
    Removing stm32f10x_flash.o(i.FLASH_WaitForLastOperation), (38 bytes).
    Removing stm32f10x_fsmc.o(i.FSMC_ClearFlag), (64 bytes).
    Removing stm32f10x_fsmc.o(i.FSMC_ClearITPendingBit), (72 bytes).
    Removing stm32f10x_fsmc.o(i.FSMC_GetECC), (28 bytes).
    Removing stm32f10x_fsmc.o(i.FSMC_GetFlagStatus), (56 bytes).
    Removing stm32f10x_fsmc.o(i.FSMC_GetITStatus), (68 bytes).
    Removing stm32f10x_fsmc.o(i.FSMC_ITConfig), (128 bytes).
    Removing stm32f10x_fsmc.o(i.FSMC_NANDCmd), (92 bytes).
    Removing stm32f10x_fsmc.o(i.FSMC_NANDDeInit), (68 bytes).
    Removing stm32f10x_fsmc.o(i.FSMC_NANDECCCmd), (92 bytes).
    Removing stm32f10x_fsmc.o(i.FSMC_NANDInit), (136 bytes).
    Removing stm32f10x_fsmc.o(i.FSMC_NANDStructInit), (54 bytes).
    Removing stm32f10x_fsmc.o(i.FSMC_NORSRAMCmd), (52 bytes).
    Removing stm32f10x_fsmc.o(i.FSMC_NORSRAMDeInit), (54 bytes).
    Removing stm32f10x_fsmc.o(i.FSMC_NORSRAMInit), (230 bytes).
    Removing stm32f10x_fsmc.o(i.FSMC_NORSRAMStructInit), (114 bytes).
    Removing stm32f10x_fsmc.o(i.FSMC_PCCARDCmd), (48 bytes).
    Removing stm32f10x_fsmc.o(i.FSMC_PCCARDDeInit), (40 bytes).
    Removing stm32f10x_fsmc.o(i.FSMC_PCCARDInit), (132 bytes).
    Removing stm32f10x_fsmc.o(i.FSMC_PCCARDStructInit), (60 bytes).
    Removing stm32f10x_gpio.o(i.GPIO_AFIODeInit), (20 bytes).
    Removing stm32f10x_gpio.o(i.GPIO_DeInit), (200 bytes).
    Removing stm32f10x_gpio.o(i.GPIO_ETH_MediaInterfaceConfig), (12 bytes).
    Removing stm32f10x_gpio.o(i.GPIO_EXTILineConfig), (64 bytes).
    Removing stm32f10x_gpio.o(i.GPIO_EventOutputCmd), (12 bytes).
    Removing stm32f10x_gpio.o(i.GPIO_EventOutputConfig), (32 bytes).
    Removing stm32f10x_gpio.o(i.GPIO_PinLockConfig), (18 bytes).
    Removing stm32f10x_gpio.o(i.GPIO_PinRemapConfig), (144 bytes).
    Removing stm32f10x_gpio.o(i.GPIO_ReadInputData), (8 bytes).
    Removing stm32f10x_gpio.o(i.GPIO_ReadOutputData), (8 bytes).
    Removing stm32f10x_gpio.o(i.GPIO_ReadOutputDataBit), (18 bytes).
    Removing stm32f10x_gpio.o(i.GPIO_StructInit), (16 bytes).
    Removing stm32f10x_gpio.o(i.GPIO_Write), (4 bytes).
    Removing stm32f10x_gpio.o(i.GPIO_WriteBit), (10 bytes).
    Removing stm32f10x_i2c.o(i.I2C_ARPCmd), (24 bytes).
    Removing stm32f10x_i2c.o(i.I2C_AcknowledgeConfig), (24 bytes).
    Removing stm32f10x_i2c.o(i.I2C_CalculatePEC), (24 bytes).
    Removing stm32f10x_i2c.o(i.I2C_CheckEvent), (42 bytes).
    Removing stm32f10x_i2c.o(i.I2C_ClearFlag), (12 bytes).
    Removing stm32f10x_i2c.o(i.I2C_ClearITPendingBit), (12 bytes).
    Removing stm32f10x_i2c.o(i.I2C_Cmd), (24 bytes).
    Removing stm32f10x_i2c.o(i.I2C_DMACmd), (24 bytes).
    Removing stm32f10x_i2c.o(i.I2C_DMALastTransferCmd), (24 bytes).
    Removing stm32f10x_i2c.o(i.I2C_DeInit), (56 bytes).
    Removing stm32f10x_i2c.o(i.I2C_DualAddressCmd), (24 bytes).
    Removing stm32f10x_i2c.o(i.I2C_FastModeDutyCycleConfig), (28 bytes).
    Removing stm32f10x_i2c.o(i.I2C_GeneralCallCmd), (24 bytes).
    Removing stm32f10x_i2c.o(i.I2C_GenerateSTART), (24 bytes).
    Removing stm32f10x_i2c.o(i.I2C_GenerateSTOP), (24 bytes).
    Removing stm32f10x_i2c.o(i.I2C_GetFlagStatus), (58 bytes).
    Removing stm32f10x_i2c.o(i.I2C_GetITStatus), (38 bytes).
    Removing stm32f10x_i2c.o(i.I2C_GetLastEvent), (26 bytes).
    Removing stm32f10x_i2c.o(i.I2C_GetPEC), (8 bytes).
    Removing stm32f10x_i2c.o(i.I2C_ITConfig), (18 bytes).
    Removing stm32f10x_i2c.o(i.I2C_Init), (236 bytes).
    Removing stm32f10x_i2c.o(i.I2C_NACKPositionConfig), (28 bytes).
    Removing stm32f10x_i2c.o(i.I2C_OwnAddress2Config), (22 bytes).
    Removing stm32f10x_i2c.o(i.I2C_PECPositionConfig), (28 bytes).
    Removing stm32f10x_i2c.o(i.I2C_ReadRegister), (22 bytes).
    Removing stm32f10x_i2c.o(i.I2C_ReceiveData), (8 bytes).
    Removing stm32f10x_i2c.o(i.I2C_SMBusAlertConfig), (28 bytes).
    Removing stm32f10x_i2c.o(i.I2C_Send7bitAddress), (18 bytes).
    Removing stm32f10x_i2c.o(i.I2C_SendData), (4 bytes).
    Removing stm32f10x_i2c.o(i.I2C_SoftwareResetCmd), (22 bytes).
    Removing stm32f10x_i2c.o(i.I2C_StretchClockCmd), (24 bytes).
    Removing stm32f10x_i2c.o(i.I2C_StructInit), (30 bytes).
    Removing stm32f10x_i2c.o(i.I2C_TransmitPEC), (24 bytes).
    Removing stm32f10x_iwdg.o(i.IWDG_Enable), (16 bytes).
    Removing stm32f10x_iwdg.o(i.IWDG_GetFlagStatus), (24 bytes).
    Removing stm32f10x_iwdg.o(i.IWDG_ReloadCounter), (16 bytes).
    Removing stm32f10x_iwdg.o(i.IWDG_SetPrescaler), (12 bytes).
    Removing stm32f10x_iwdg.o(i.IWDG_SetReload), (12 bytes).
    Removing stm32f10x_iwdg.o(i.IWDG_WriteAccessCmd), (12 bytes).
    Removing stm32f10x_pwr.o(i.PWR_BackupAccessCmd), (12 bytes).
    Removing stm32f10x_pwr.o(i.PWR_ClearFlag), (20 bytes).
    Removing stm32f10x_pwr.o(i.PWR_DeInit), (22 bytes).
    Removing stm32f10x_pwr.o(i.PWR_EnterSTANDBYMode), (52 bytes).
    Removing stm32f10x_pwr.o(i.PWR_EnterSTOPMode), (64 bytes).
    Removing stm32f10x_pwr.o(i.PWR_GetFlagStatus), (24 bytes).
    Removing stm32f10x_pwr.o(i.PWR_PVDCmd), (12 bytes).
    Removing stm32f10x_pwr.o(i.PWR_PVDLevelConfig), (24 bytes).
    Removing stm32f10x_pwr.o(i.PWR_WakeUpPinCmd), (12 bytes).
    Removing stm32f10x_rcc.o(i.RCC_ADCCLKConfig), (24 bytes).
    Removing stm32f10x_rcc.o(i.RCC_AHBPeriphClockCmd), (32 bytes).
    Removing stm32f10x_rcc.o(i.RCC_APB1PeriphResetCmd), (32 bytes).
    Removing stm32f10x_rcc.o(i.RCC_APB2PeriphResetCmd), (32 bytes).
    Removing stm32f10x_rcc.o(i.RCC_AdjustHSICalibrationValue), (24 bytes).
    Removing stm32f10x_rcc.o(i.RCC_BackupResetCmd), (12 bytes).
    Removing stm32f10x_rcc.o(i.RCC_ClearFlag), (20 bytes).
    Removing stm32f10x_rcc.o(i.RCC_ClearITPendingBit), (12 bytes).
    Removing stm32f10x_rcc.o(i.RCC_ClockSecuritySystemCmd), (12 bytes).
    Removing stm32f10x_rcc.o(i.RCC_DeInit), (76 bytes).
    Removing stm32f10x_rcc.o(i.RCC_GetClocksFreq), (212 bytes).
    Removing stm32f10x_rcc.o(i.RCC_GetFlagStatus), (60 bytes).
    Removing stm32f10x_rcc.o(i.RCC_GetITStatus), (24 bytes).
    Removing stm32f10x_rcc.o(i.RCC_GetSYSCLKSource), (16 bytes).
    Removing stm32f10x_rcc.o(i.RCC_HCLKConfig), (24 bytes).
    Removing stm32f10x_rcc.o(i.RCC_HSEConfig), (76 bytes).
    Removing stm32f10x_rcc.o(i.RCC_HSICmd), (12 bytes).
    Removing stm32f10x_rcc.o(i.RCC_ITConfig), (32 bytes).
    Removing stm32f10x_rcc.o(i.RCC_LSEConfig), (52 bytes).
    Removing stm32f10x_rcc.o(i.RCC_LSICmd), (12 bytes).
    Removing stm32f10x_rcc.o(i.RCC_MCOConfig), (12 bytes).
    Removing stm32f10x_rcc.o(i.RCC_PCLK1Config), (24 bytes).
    Removing stm32f10x_rcc.o(i.RCC_PCLK2Config), (24 bytes).
    Removing stm32f10x_rcc.o(i.RCC_PLLCmd), (12 bytes).
    Removing stm32f10x_rcc.o(i.RCC_PLLConfig), (28 bytes).
    Removing stm32f10x_rcc.o(i.RCC_RTCCLKCmd), (12 bytes).
    Removing stm32f10x_rcc.o(i.RCC_RTCCLKConfig), (16 bytes).
    Removing stm32f10x_rcc.o(i.RCC_SYSCLKConfig), (24 bytes).
    Removing stm32f10x_rcc.o(i.RCC_USBCLKConfig), (12 bytes).
    Removing stm32f10x_rcc.o(i.RCC_WaitForHSEStartUp), (56 bytes).
    Removing stm32f10x_rcc.o(.data), (20 bytes).
    Removing stm32f10x_rtc.o(i.RTC_ClearFlag), (16 bytes).
    Removing stm32f10x_rtc.o(i.RTC_ClearITPendingBit), (16 bytes).
    Removing stm32f10x_rtc.o(i.RTC_EnterConfigMode), (20 bytes).
    Removing stm32f10x_rtc.o(i.RTC_ExitConfigMode), (20 bytes).
    Removing stm32f10x_rtc.o(i.RTC_GetCounter), (20 bytes).
    Removing stm32f10x_rtc.o(i.RTC_GetDivider), (24 bytes).
    Removing stm32f10x_rtc.o(i.RTC_GetFlagStatus), (24 bytes).
    Removing stm32f10x_rtc.o(i.RTC_GetITStatus), (36 bytes).
    Removing stm32f10x_rtc.o(i.RTC_ITConfig), (32 bytes).
    Removing stm32f10x_rtc.o(i.RTC_SetAlarm), (28 bytes).
    Removing stm32f10x_rtc.o(i.RTC_SetCounter), (28 bytes).
    Removing stm32f10x_rtc.o(i.RTC_SetPrescaler), (32 bytes).
    Removing stm32f10x_rtc.o(i.RTC_WaitForLastTask), (20 bytes).
    Removing stm32f10x_rtc.o(i.RTC_WaitForSynchro), (36 bytes).
    Removing stm32f10x_sdio.o(i.SDIO_CEATAITCmd), (16 bytes).
    Removing stm32f10x_sdio.o(i.SDIO_ClearFlag), (12 bytes).
    Removing stm32f10x_sdio.o(i.SDIO_ClearITPendingBit), (12 bytes).
    Removing stm32f10x_sdio.o(i.SDIO_ClockCmd), (12 bytes).
    Removing stm32f10x_sdio.o(i.SDIO_CmdStructInit), (14 bytes).
    Removing stm32f10x_sdio.o(i.SDIO_CommandCompletionCmd), (12 bytes).
    Removing stm32f10x_sdio.o(i.SDIO_DMACmd), (12 bytes).
    Removing stm32f10x_sdio.o(i.SDIO_DataConfig), (48 bytes).
    Removing stm32f10x_sdio.o(i.SDIO_DataStructInit), (20 bytes).
    Removing stm32f10x_sdio.o(i.SDIO_DeInit), (36 bytes).
    Removing stm32f10x_sdio.o(i.SDIO_GetCommandResponse), (12 bytes).
    Removing stm32f10x_sdio.o(i.SDIO_GetDataCounter), (12 bytes).
    Removing stm32f10x_sdio.o(i.SDIO_GetFIFOCount), (12 bytes).
    Removing stm32f10x_sdio.o(i.SDIO_GetFlagStatus), (24 bytes).
    Removing stm32f10x_sdio.o(i.SDIO_GetITStatus), (24 bytes).
    Removing stm32f10x_sdio.o(i.SDIO_GetPowerState), (16 bytes).
    Removing stm32f10x_sdio.o(i.SDIO_GetResponse), (24 bytes).
    Removing stm32f10x_sdio.o(i.SDIO_ITConfig), (32 bytes).
    Removing stm32f10x_sdio.o(i.SDIO_Init), (48 bytes).
    Removing stm32f10x_sdio.o(i.SDIO_ReadData), (12 bytes).
    Removing stm32f10x_sdio.o(i.SDIO_SendCEATACmd), (12 bytes).
    Removing stm32f10x_sdio.o(i.SDIO_SendCommand), (44 bytes).
    Removing stm32f10x_sdio.o(i.SDIO_SendSDIOSuspendCmd), (12 bytes).
    Removing stm32f10x_sdio.o(i.SDIO_SetPowerState), (28 bytes).
    Removing stm32f10x_sdio.o(i.SDIO_SetSDIOOperation), (12 bytes).
    Removing stm32f10x_sdio.o(i.SDIO_SetSDIOReadWaitMode), (12 bytes).
    Removing stm32f10x_sdio.o(i.SDIO_StartSDIOReadWait), (12 bytes).
    Removing stm32f10x_sdio.o(i.SDIO_StopSDIOReadWait), (12 bytes).
    Removing stm32f10x_sdio.o(i.SDIO_StructInit), (16 bytes).
    Removing stm32f10x_sdio.o(i.SDIO_WriteData), (12 bytes).
    Removing stm32f10x_spi.o(i.I2S_Cmd), (24 bytes).
    Removing stm32f10x_spi.o(i.I2S_Init), (232 bytes).
    Removing stm32f10x_spi.o(i.I2S_StructInit), (20 bytes).
    Removing stm32f10x_spi.o(i.SPI_BiDirectionalLineConfig), (28 bytes).
    Removing stm32f10x_spi.o(i.SPI_CalculateCRC), (24 bytes).
    Removing stm32f10x_spi.o(i.SPI_Cmd), (24 bytes).
    Removing stm32f10x_spi.o(i.SPI_DataSizeConfig), (18 bytes).
    Removing stm32f10x_spi.o(i.SPI_GetCRC), (16 bytes).
    Removing stm32f10x_spi.o(i.SPI_GetCRCPolynomial), (6 bytes).
    Removing stm32f10x_spi.o(i.SPI_I2S_ClearFlag), (6 bytes).
    Removing stm32f10x_spi.o(i.SPI_I2S_ClearITPendingBit), (20 bytes).
    Removing stm32f10x_spi.o(i.SPI_I2S_DMACmd), (18 bytes).
    Removing stm32f10x_spi.o(i.SPI_I2S_DeInit), (88 bytes).
    Removing stm32f10x_spi.o(i.SPI_I2S_GetFlagStatus), (18 bytes).
    Removing stm32f10x_spi.o(i.SPI_I2S_GetITStatus), (52 bytes).
    Removing stm32f10x_spi.o(i.SPI_I2S_ITConfig), (32 bytes).
    Removing stm32f10x_spi.o(i.SPI_I2S_ReceiveData), (6 bytes).
    Removing stm32f10x_spi.o(i.SPI_I2S_SendData), (4 bytes).
    Removing stm32f10x_spi.o(i.SPI_Init), (60 bytes).
    Removing stm32f10x_spi.o(i.SPI_NSSInternalSoftwareConfig), (30 bytes).
    Removing stm32f10x_spi.o(i.SPI_SSOutputCmd), (24 bytes).
    Removing stm32f10x_spi.o(i.SPI_StructInit), (24 bytes).
    Removing stm32f10x_spi.o(i.SPI_TransmitCRC), (10 bytes).
    Removing stm32f10x_tim.o(i.TI1_Config), (128 bytes).
    Removing stm32f10x_tim.o(i.TI2_Config), (152 bytes).
    Removing stm32f10x_tim.o(i.TI3_Config), (144 bytes).
    Removing stm32f10x_tim.o(i.TI4_Config), (152 bytes).
    Removing stm32f10x_tim.o(i.TIM_ARRPreloadConfig), (24 bytes).
    Removing stm32f10x_tim.o(i.TIM_BDTRConfig), (32 bytes).
    Removing stm32f10x_tim.o(i.TIM_BDTRStructInit), (18 bytes).
    Removing stm32f10x_tim.o(i.TIM_CCPreloadControl), (24 bytes).
    Removing stm32f10x_tim.o(i.TIM_CCxCmd), (30 bytes).
    Removing stm32f10x_tim.o(i.TIM_CCxNCmd), (30 bytes).
    Removing stm32f10x_tim.o(i.TIM_ClearOC1Ref), (18 bytes).
    Removing stm32f10x_tim.o(i.TIM_ClearOC2Ref), (24 bytes).
    Removing stm32f10x_tim.o(i.TIM_ClearOC3Ref), (18 bytes).
    Removing stm32f10x_tim.o(i.TIM_ClearOC4Ref), (24 bytes).
    Removing stm32f10x_tim.o(i.TIM_CounterModeConfig), (18 bytes).
    Removing stm32f10x_tim.o(i.TIM_CtrlPWMOutputs), (30 bytes).
    Removing stm32f10x_tim.o(i.TIM_DMACmd), (18 bytes).
    Removing stm32f10x_tim.o(i.TIM_DMAConfig), (10 bytes).
    Removing stm32f10x_tim.o(i.TIM_DeInit), (488 bytes).
    Removing stm32f10x_tim.o(i.TIM_ETRClockMode1Config), (54 bytes).
    Removing stm32f10x_tim.o(i.TIM_ETRClockMode2Config), (32 bytes).
    Removing stm32f10x_tim.o(i.TIM_ETRConfig), (28 bytes).
    Removing stm32f10x_tim.o(i.TIM_EncoderInterfaceConfig), (66 bytes).
    Removing stm32f10x_tim.o(i.TIM_ForcedOC1Config), (18 bytes).
    Removing stm32f10x_tim.o(i.TIM_ForcedOC2Config), (26 bytes).
    Removing stm32f10x_tim.o(i.TIM_ForcedOC3Config), (18 bytes).
    Removing stm32f10x_tim.o(i.TIM_ForcedOC4Config), (26 bytes).
    Removing stm32f10x_tim.o(i.TIM_GenerateEvent), (4 bytes).
    Removing stm32f10x_tim.o(i.TIM_GetCapture1), (6 bytes).
    Removing stm32f10x_tim.o(i.TIM_GetCapture2), (6 bytes).
    Removing stm32f10x_tim.o(i.TIM_GetCapture3), (6 bytes).
    Removing stm32f10x_tim.o(i.TIM_GetCapture4), (8 bytes).
    Removing stm32f10x_tim.o(i.TIM_GetCounter), (6 bytes).
    Removing stm32f10x_tim.o(i.TIM_GetFlagStatus), (18 bytes).
    Removing stm32f10x_tim.o(i.TIM_GetPrescaler), (6 bytes).
    Removing stm32f10x_tim.o(i.TIM_ICInit), (172 bytes).
    Removing stm32f10x_tim.o(i.TIM_ICStructInit), (18 bytes).
    Removing stm32f10x_tim.o(i.TIM_ITRxExternalClockConfig), (24 bytes).
    Removing stm32f10x_tim.o(i.TIM_OC1FastConfig), (18 bytes).
    Removing stm32f10x_tim.o(i.TIM_OC1NPolarityConfig), (18 bytes).
    Removing stm32f10x_tim.o(i.TIM_OC1PolarityConfig), (18 bytes).
    Removing stm32f10x_tim.o(i.TIM_OC1PreloadConfig), (18 bytes).
    Removing stm32f10x_tim.o(i.TIM_OC2FastConfig), (26 bytes).
    Removing stm32f10x_tim.o(i.TIM_OC2NPolarityConfig), (26 bytes).
    Removing stm32f10x_tim.o(i.TIM_OC2PolarityConfig), (26 bytes).
    Removing stm32f10x_tim.o(i.TIM_OC2PreloadConfig), (26 bytes).
    Removing stm32f10x_tim.o(i.TIM_OC3FastConfig), (18 bytes).
    Removing stm32f10x_tim.o(i.TIM_OC3NPolarityConfig), (26 bytes).
    Removing stm32f10x_tim.o(i.TIM_OC3PolarityConfig), (26 bytes).
    Removing stm32f10x_tim.o(i.TIM_OC3PreloadConfig), (18 bytes).
    Removing stm32f10x_tim.o(i.TIM_OC4FastConfig), (26 bytes).
    Removing stm32f10x_tim.o(i.TIM_OC4PolarityConfig), (26 bytes).
    Removing stm32f10x_tim.o(i.TIM_OC4PreloadConfig), (26 bytes).
    Removing stm32f10x_tim.o(i.TIM_PWMIConfig), (124 bytes).
    Removing stm32f10x_tim.o(i.TIM_PrescalerConfig), (6 bytes).
    Removing stm32f10x_tim.o(i.TIM_SelectCCDMA), (24 bytes).
    Removing stm32f10x_tim.o(i.TIM_SelectCOM), (24 bytes).
    Removing stm32f10x_tim.o(i.TIM_SelectHallSensor), (24 bytes).
    Removing stm32f10x_tim.o(i.TIM_SelectInputTrigger), (18 bytes).
    Removing stm32f10x_tim.o(i.TIM_SelectMasterSlaveMode), (18 bytes).
    Removing stm32f10x_tim.o(i.TIM_SelectOCxM), (82 bytes).
    Removing stm32f10x_tim.o(i.TIM_SelectOnePulseMode), (18 bytes).
    Removing stm32f10x_tim.o(i.TIM_SelectOutputTrigger), (18 bytes).
    Removing stm32f10x_tim.o(i.TIM_SelectSlaveMode), (18 bytes).
    Removing stm32f10x_tim.o(i.TIM_SetAutoreload), (4 bytes).
    Removing stm32f10x_tim.o(i.TIM_SetClockDivision), (18 bytes).
    Removing stm32f10x_tim.o(i.TIM_SetCounter), (4 bytes).
    Removing stm32f10x_tim.o(i.TIM_SetIC1Prescaler), (18 bytes).
    Removing stm32f10x_tim.o(i.TIM_SetIC2Prescaler), (26 bytes).
    Removing stm32f10x_tim.o(i.TIM_SetIC3Prescaler), (18 bytes).
    Removing stm32f10x_tim.o(i.TIM_SetIC4Prescaler), (26 bytes).
    Removing stm32f10x_tim.o(i.TIM_TIxExternalClockConfig), (62 bytes).
    Removing stm32f10x_tim.o(i.TIM_TimeBaseStructInit), (18 bytes).
    Removing stm32f10x_tim.o(i.TIM_UpdateDisableConfig), (24 bytes).
    Removing stm32f10x_tim.o(i.TIM_UpdateRequestConfig), (24 bytes).
    Removing stm32f10x_usart.o(i.USART_ClearFlag), (18 bytes).
    Removing stm32f10x_usart.o(i.USART_ClearITPendingBit), (30 bytes).
    Removing stm32f10x_usart.o(i.USART_ClockInit), (34 bytes).
    Removing stm32f10x_usart.o(i.USART_ClockStructInit), (12 bytes).
    Removing stm32f10x_usart.o(i.USART_Cmd), (24 bytes).
    Removing stm32f10x_usart.o(i.USART_DMACmd), (18 bytes).
    Removing stm32f10x_usart.o(i.USART_DeInit), (156 bytes).
    Removing stm32f10x_usart.o(i.USART_GetFlagStatus), (26 bytes).
    Removing stm32f10x_usart.o(i.USART_GetITStatus), (84 bytes).
    Removing stm32f10x_usart.o(i.USART_HalfDuplexCmd), (24 bytes).
    Removing stm32f10x_usart.o(i.USART_ITConfig), (74 bytes).
    Removing stm32f10x_usart.o(i.USART_Init), (216 bytes).
    Removing stm32f10x_usart.o(i.USART_IrDACmd), (24 bytes).
    Removing stm32f10x_usart.o(i.USART_IrDAConfig), (18 bytes).
    Removing stm32f10x_usart.o(i.USART_LINBreakDetectLengthConfig), (18 bytes).
    Removing stm32f10x_usart.o(i.USART_LINCmd), (24 bytes).
    Removing stm32f10x_usart.o(i.USART_OneBitMethodCmd), (24 bytes).
    Removing stm32f10x_usart.o(i.USART_OverSampling8Cmd), (22 bytes).
    Removing stm32f10x_usart.o(i.USART_ReceiveData), (10 bytes).
    Removing stm32f10x_usart.o(i.USART_ReceiverWakeUpCmd), (24 bytes).
    Removing stm32f10x_usart.o(i.USART_SendBreak), (10 bytes).
    Removing stm32f10x_usart.o(i.USART_SendData), (8 bytes).
    Removing stm32f10x_usart.o(i.USART_SetAddress), (18 bytes).
    Removing stm32f10x_usart.o(i.USART_SetGuardTime), (16 bytes).
    Removing stm32f10x_usart.o(i.USART_SetPrescaler), (16 bytes).
    Removing stm32f10x_usart.o(i.USART_SmartCardCmd), (24 bytes).
    Removing stm32f10x_usart.o(i.USART_SmartCardNACKCmd), (24 bytes).
    Removing stm32f10x_usart.o(i.USART_StructInit), (24 bytes).
    Removing stm32f10x_usart.o(i.USART_WakeUpConfig), (18 bytes).
    Removing stm32f10x_wwdg.o(i.WWDG_ClearFlag), (12 bytes).
    Removing stm32f10x_wwdg.o(i.WWDG_DeInit), (22 bytes).
    Removing stm32f10x_wwdg.o(i.WWDG_Enable), (16 bytes).
    Removing stm32f10x_wwdg.o(i.WWDG_EnableIT), (12 bytes).
    Removing stm32f10x_wwdg.o(i.WWDG_GetFlagStatus), (12 bytes).
    Removing stm32f10x_wwdg.o(i.WWDG_SetCounter), (16 bytes).
    Removing stm32f10x_wwdg.o(i.WWDG_SetPrescaler), (24 bytes).
    Removing stm32f10x_wwdg.o(i.WWDG_SetWindowValue), (40 bytes).
    Removing delay.o(i.Delay_s), (24 bytes).
    Removing timer.o(i.Timer_GetCounter), (12 bytes).
    Removing timer.o(i.Timer_Init), (168 bytes).
    Removing motor.o(i.Car_Stop), (36 bytes).
    Removing sensor.o(i.Sensor0_Get_State), (16 bytes).
    Removing sensor.o(i.Sensor1_Get_State), (16 bytes).
    Removing sensor.o(i.Sensor2_Get_State), (16 bytes).
    Removing sensor.o(i.Sensor3_Get_State), (16 bytes).
    Removing sensor.o(i.Sensor_Init), (44 bytes).
    Removing ps2.o(i.PS2_ClearData), (24 bytes).
    Removing ps2.o(i.PS2_Vibration), (82 bytes).
    Removing ps2.o(i.PS2_VibrationMode), (54 bytes).

465 unused section(s) (total 19030 bytes) removed from the image.

==============================================================================

Image Symbol Table

    Local Symbols

    Symbol Name                              Value     Ov Type        Size  Object(Section)

    ../clib/microlib/init/entry.s            0x00000000   Number         0  entry11a.o ABSOLUTE
    ../clib/microlib/init/entry.s            0x00000000   Number         0  entry9a.o ABSOLUTE
    ../clib/microlib/init/entry.s            0x00000000   Number         0  entry9b.o ABSOLUTE
    ../clib/microlib/init/entry.s            0x00000000   Number         0  entry10a.o ABSOLUTE
    ../clib/microlib/init/entry.s            0x00000000   Number         0  entry10b.o ABSOLUTE
    ../clib/microlib/init/entry.s            0x00000000   Number         0  entry11b.o ABSOLUTE
    ../clib/microlib/init/entry.s            0x00000000   Number         0  entry.o ABSOLUTE
    ../clib/microlib/init/entry.s            0x00000000   Number         0  entry12a.o ABSOLUTE
    ../clib/microlib/init/entry.s            0x00000000   Number         0  entry2.o ABSOLUTE
    ../clib/microlib/init/entry.s            0x00000000   Number         0  entry8a.o ABSOLUTE
    ../clib/microlib/init/entry.s            0x00000000   Number         0  entry5.o ABSOLUTE
    ../clib/microlib/init/entry.s            0x00000000   Number         0  entry7a.o ABSOLUTE
    ../clib/microlib/init/entry.s            0x00000000   Number         0  entry7b.o ABSOLUTE
    ../clib/microlib/init/entry.s            0x00000000   Number         0  entry8b.o ABSOLUTE
    ../clib/microlib/init/entry.s            0x00000000   Number         0  entry12b.o ABSOLUTE
    Hardware\Motor.c                         0x00000000   Number         0  motor.o ABSOLUTE
    Hardware\Sensor.c                        0x00000000   Number         0  sensor.o ABSOLUTE
    Hardware\Servo.c                         0x00000000   Number         0  servo.o ABSOLUTE
    Hardware\ps2.c                           0x00000000   Number         0  ps2.o ABSOLUTE
    Library\misc.c                           0x00000000   Number         0  misc.o ABSOLUTE
    Library\stm32f10x_adc.c                  0x00000000   Number         0  stm32f10x_adc.o ABSOLUTE
    Library\stm32f10x_bkp.c                  0x00000000   Number         0  stm32f10x_bkp.o ABSOLUTE
    Library\stm32f10x_can.c                  0x00000000   Number         0  stm32f10x_can.o ABSOLUTE
    Library\stm32f10x_cec.c                  0x00000000   Number         0  stm32f10x_cec.o ABSOLUTE
    Library\stm32f10x_crc.c                  0x00000000   Number         0  stm32f10x_crc.o ABSOLUTE
    Library\stm32f10x_dac.c                  0x00000000   Number         0  stm32f10x_dac.o ABSOLUTE
    Library\stm32f10x_dbgmcu.c               0x00000000   Number         0  stm32f10x_dbgmcu.o ABSOLUTE
    Library\stm32f10x_dma.c                  0x00000000   Number         0  stm32f10x_dma.o ABSOLUTE
    Library\stm32f10x_exti.c                 0x00000000   Number         0  stm32f10x_exti.o ABSOLUTE
    Library\stm32f10x_flash.c                0x00000000   Number         0  stm32f10x_flash.o ABSOLUTE
    Library\stm32f10x_fsmc.c                 0x00000000   Number         0  stm32f10x_fsmc.o ABSOLUTE
    Library\stm32f10x_gpio.c                 0x00000000   Number         0  stm32f10x_gpio.o ABSOLUTE
    Library\stm32f10x_i2c.c                  0x00000000   Number         0  stm32f10x_i2c.o ABSOLUTE
    Library\stm32f10x_iwdg.c                 0x00000000   Number         0  stm32f10x_iwdg.o ABSOLUTE
    Library\stm32f10x_pwr.c                  0x00000000   Number         0  stm32f10x_pwr.o ABSOLUTE
    Library\stm32f10x_rcc.c                  0x00000000   Number         0  stm32f10x_rcc.o ABSOLUTE
    Library\stm32f10x_rtc.c                  0x00000000   Number         0  stm32f10x_rtc.o ABSOLUTE
    Library\stm32f10x_sdio.c                 0x00000000   Number         0  stm32f10x_sdio.o ABSOLUTE
    Library\stm32f10x_spi.c                  0x00000000   Number         0  stm32f10x_spi.o ABSOLUTE
    Library\stm32f10x_tim.c                  0x00000000   Number         0  stm32f10x_tim.o ABSOLUTE
    Library\stm32f10x_usart.c                0x00000000   Number         0  stm32f10x_usart.o ABSOLUTE
    Library\stm32f10x_wwdg.c                 0x00000000   Number         0  stm32f10x_wwdg.o ABSOLUTE
    Start\\core_cm3.c                        0x00000000   Number         0  core_cm3.o ABSOLUTE
    Start\core_cm3.c                         0x00000000   Number         0  core_cm3.o ABSOLUTE
    Start\startup_stm32f10x_md.s             0x00000000   Number         0  startup_stm32f10x_md.o ABSOLUTE
    Start\system_stm32f10x.c                 0x00000000   Number         0  system_stm32f10x.o ABSOLUTE
    System\Delay.c                           0x00000000   Number         0  delay.o ABSOLUTE
    System\Timer.c                           0x00000000   Number         0  timer.o ABSOLUTE
    User\main.c                              0x00000000   Number         0  main.o ABSOLUTE
    User\stm32f10x_it.c                      0x00000000   Number         0  stm32f10x_it.o ABSOLUTE
    dc.s                                     0x00000000   Number         0  dc.o ABSOLUTE
    handlers.s                               0x00000000   Number         0  handlers.o ABSOLUTE
    init.s                                   0x00000000   Number         0  init.o ABSOLUTE
    RESET                                    0x08000000   Section      236  startup_stm32f10x_md.o(RESET)
    .ARM.Collect$$$$00000000                 0x080000ec   Section        0  entry.o(.ARM.Collect$$$$00000000)
    .ARM.Collect$$$$00000001                 0x080000ec   Section        4  entry2.o(.ARM.Collect$$$$00000001)
    .ARM.Collect$$$$00000004                 0x080000f0   Section        4  entry5.o(.ARM.Collect$$$$00000004)
    .ARM.Collect$$$$00000008                 0x080000f4   Section        0  entry7b.o(.ARM.Collect$$$$00000008)
    .ARM.Collect$$$$0000000A                 0x080000f4   Section        0  entry8b.o(.ARM.Collect$$$$0000000A)
    .ARM.Collect$$$$0000000B                 0x080000f4   Section        8  entry9a.o(.ARM.Collect$$$$0000000B)
    .ARM.Collect$$$$0000000E                 0x080000fc   Section        4  entry12b.o(.ARM.Collect$$$$0000000E)
    .ARM.Collect$$$$0000000F                 0x08000100   Section        0  entry10a.o(.ARM.Collect$$$$0000000F)
    .ARM.Collect$$$$00000011                 0x08000100   Section        0  entry11a.o(.ARM.Collect$$$$00000011)
    .ARM.Collect$$$$00002712                 0x08000100   Section        4  entry2.o(.ARM.Collect$$$$00002712)
    __lit__00000000                          0x08000100   Data           4  entry2.o(.ARM.Collect$$$$00002712)
    .text                                    0x08000104   Section       36  startup_stm32f10x_md.o(.text)
    .text                                    0x08000128   Section       36  init.o(.text)
    i.BusFault_Handler                       0x0800014c   Section        0  stm32f10x_it.o(i.BusFault_Handler)
    i.Car_Backward                           0x08000150   Section        0  motor.o(i.Car_Backward)
    i.Car_Forward                            0x08000176   Section        0  motor.o(i.Car_Forward)
    i.Car_TransLeft                          0x0800019c   Section        0  motor.o(i.Car_TransLeft)
    i.Car_TransRight                         0x080001c2   Section        0  motor.o(i.Car_TransRight)
    i.Car_TurnLeft                           0x080001e8   Section        0  motor.o(i.Car_TurnLeft)
    i.Car_TurnRight                          0x0800020e   Section        0  motor.o(i.Car_TurnRight)
    i.DebugMon_Handler                       0x08000234   Section        0  stm32f10x_it.o(i.DebugMon_Handler)
    i.Delay_ms                               0x08000236   Section        0  delay.o(i.Delay_ms)
    i.Delay_us                               0x0800024e   Section        0  delay.o(i.Delay_us)
    i.GPIO_Init                              0x0800027c   Section        0  stm32f10x_gpio.o(i.GPIO_Init)
    i.GPIO_ReadInputDataBit                  0x08000392   Section        0  stm32f10x_gpio.o(i.GPIO_ReadInputDataBit)
    i.GPIO_ResetBits                         0x080003a4   Section        0  stm32f10x_gpio.o(i.GPIO_ResetBits)
    i.GPIO_SetBits                           0x080003a8   Section        0  stm32f10x_gpio.o(i.GPIO_SetBits)
    i.HardFault_Handler                      0x080003ac   Section        0  stm32f10x_it.o(i.HardFault_Handler)
    i.MemManage_Handler                      0x080003b0   Section        0  stm32f10x_it.o(i.MemManage_Handler)
    i.Motor1_SetSpeed                        0x080003b4   Section        0  motor.o(i.Motor1_SetSpeed)
    i.Motor2_SetSpeed                        0x080003f4   Section        0  motor.o(i.Motor2_SetSpeed)
    i.Motor3_SetSpeed                        0x08000434   Section        0  motor.o(i.Motor3_SetSpeed)
    i.Motor4_SetSpeed                        0x08000470   Section        0  motor.o(i.Motor4_SetSpeed)
    i.Motor_Init                             0x080004ac   Section        0  motor.o(i.Motor_Init)
    i.NMI_Handler                            0x0800060c   Section        0  stm32f10x_it.o(i.NMI_Handler)
    i.NVIC_Init                              0x08000610   Section        0  misc.o(i.NVIC_Init)
    i.NVIC_PriorityGroupConfig               0x08000680   Section        0  misc.o(i.NVIC_PriorityGroupConfig)
    i.PS2_CS_H                               0x08000694   Section        0  ps2.o(i.PS2_CS_H)
    i.PS2_CS_L                               0x080006a4   Section        0  ps2.o(i.PS2_CS_L)
    i.PS2_Cmd                                0x080006b4   Section        0  ps2.o(i.PS2_Cmd)
    i.PS2_DI                                 0x0800070c   Section        0  ps2.o(i.PS2_DI)
    i.PS2_DO_H                               0x08000720   Section        0  ps2.o(i.PS2_DO_H)
    i.PS2_DO_L                               0x08000730   Section        0  ps2.o(i.PS2_DO_L)
    i.PS2_Delay_US                           0x08000740   Section        0  ps2.o(i.PS2_Delay_US)
    i.PS2_EnterConfing                       0x0800074a   Section        0  ps2.o(i.PS2_EnterConfing)
    i.PS2_ExitConfing                        0x08000798   Section        0  ps2.o(i.PS2_ExitConfing)
    i.PS2_GPIO_Init                          0x080007e8   Section        0  ps2.o(i.PS2_GPIO_Init)
    i.PS2_Init                               0x0800082c   Section        0  ps2.o(i.PS2_Init)
    i.PS2_ReadData                           0x08000858   Section        0  ps2.o(i.PS2_ReadData)
    i.PS2_SCK_H                              0x080008a4   Section        0  ps2.o(i.PS2_SCK_H)
    i.PS2_SCK_L                              0x080008b4   Section        0  ps2.o(i.PS2_SCK_L)
    i.PS2_ShortPoll                          0x080008c4   Section        0  ps2.o(i.PS2_ShortPoll)
    i.PS2_TurnOnAnalogMode                   0x080008fa   Section        0  ps2.o(i.PS2_TurnOnAnalogMode)
    i.PendSV_Handler                         0x08000948   Section        0  stm32f10x_it.o(i.PendSV_Handler)
    i.RCC_APB1PeriphClockCmd                 0x0800094c   Section        0  stm32f10x_rcc.o(i.RCC_APB1PeriphClockCmd)
    i.RCC_APB2PeriphClockCmd                 0x0800096c   Section        0  stm32f10x_rcc.o(i.RCC_APB2PeriphClockCmd)
    i.RobotArm_DropHand                      0x0800098c   Section        0  servo.o(i.RobotArm_DropHand)
    i.RobotArm_LetHand                       0x080009a4   Section        0  servo.o(i.RobotArm_LetHand)
    i.RobotArm_RaiseHand                     0x080009bc   Section        0  servo.o(i.RobotArm_RaiseHand)
    i.RobotArm_ShakeHand                     0x080009d4   Section        0  servo.o(i.RobotArm_ShakeHand)
    i.RobotArm_ShinkHand                     0x080009ec   Section        0  servo.o(i.RobotArm_ShinkHand)
    i.RobotArm_StrechHand                    0x08000a04   Section        0  servo.o(i.RobotArm_StrechHand)
    i.Robot_Arm_Gpio_Init                    0x08000a1c   Section        0  servo.o(i.Robot_Arm_Gpio_Init)
    i.Robot_LeftPwm_Set                      0x08000a54   Section        0  servo.o(i.Robot_LeftPwm_Set)
    i.Robot_RightPwm_Set                     0x08000a78   Section        0  servo.o(i.Robot_RightPwm_Set)
    i.Robot_UpPwm_Set                        0x08000a9c   Section        0  servo.o(i.Robot_UpPwm_Set)
    i.SVC_Handler                            0x08000ac0   Section        0  stm32f10x_it.o(i.SVC_Handler)
    i.Servo_Init                             0x08000ac4   Section        0  servo.o(i.Servo_Init)
    i.Servo_Time_Init                        0x08000af4   Section        0  servo.o(i.Servo_Time_Init)
    i.SetSysClock                            0x08000b68   Section        0  system_stm32f10x.o(i.SetSysClock)
    SetSysClock                              0x08000b69   Thumb Code     8  system_stm32f10x.o(i.SetSysClock)
    i.SetSysClockTo72                        0x08000b70   Section        0  system_stm32f10x.o(i.SetSysClockTo72)
    SetSysClockTo72                          0x08000b71   Thumb Code   214  system_stm32f10x.o(i.SetSysClockTo72)
    i.SysTick_Handler                        0x08000c50   Section        0  stm32f10x_it.o(i.SysTick_Handler)
    i.SystemInit                             0x08000c54   Section        0  system_stm32f10x.o(i.SystemInit)
    i.TIM1_UP_IRQHandler                     0x08000cb4   Section        0  servo.o(i.TIM1_UP_IRQHandler)
    i.TIM_ClearFlag                          0x08000d64   Section        0  stm32f10x_tim.o(i.TIM_ClearFlag)
    i.TIM_ClearITPendingBit                  0x08000d6a   Section        0  stm32f10x_tim.o(i.TIM_ClearITPendingBit)
    i.TIM_Cmd                                0x08000d70   Section        0  stm32f10x_tim.o(i.TIM_Cmd)
    i.TIM_GetITStatus                        0x08000d88   Section        0  stm32f10x_tim.o(i.TIM_GetITStatus)
    i.TIM_ITConfig                           0x08000daa   Section        0  stm32f10x_tim.o(i.TIM_ITConfig)
    i.TIM_InternalClockConfig                0x08000dbc   Section        0  stm32f10x_tim.o(i.TIM_InternalClockConfig)
    i.TIM_OC1Init                            0x08000dc8   Section        0  stm32f10x_tim.o(i.TIM_OC1Init)
    i.TIM_OC2Init                            0x08000e60   Section        0  stm32f10x_tim.o(i.TIM_OC2Init)
    i.TIM_OC3Init                            0x08000f04   Section        0  stm32f10x_tim.o(i.TIM_OC3Init)
    i.TIM_OC4Init                            0x08000fa4   Section        0  stm32f10x_tim.o(i.TIM_OC4Init)
    i.TIM_OCStructInit                       0x08001020   Section        0  stm32f10x_tim.o(i.TIM_OCStructInit)
    i.TIM_SetCompare1                        0x08001034   Section        0  stm32f10x_tim.o(i.TIM_SetCompare1)
    i.TIM_SetCompare2                        0x08001038   Section        0  stm32f10x_tim.o(i.TIM_SetCompare2)
    i.TIM_SetCompare3                        0x0800103c   Section        0  stm32f10x_tim.o(i.TIM_SetCompare3)
    i.TIM_SetCompare4                        0x08001040   Section        0  stm32f10x_tim.o(i.TIM_SetCompare4)
    i.TIM_TimeBaseInit                       0x08001048   Section        0  stm32f10x_tim.o(i.TIM_TimeBaseInit)
    i.UsageFault_Handler                     0x080010ec   Section        0  stm32f10x_it.o(i.UsageFault_Handler)
    i.__scatterload_copy                     0x080010f0   Section       14  handlers.o(i.__scatterload_copy)
    i.__scatterload_null                     0x080010fe   Section        2  handlers.o(i.__scatterload_null)
    i.__scatterload_zeroinit                 0x08001100   Section       14  handlers.o(i.__scatterload_zeroinit)
    i.main                                   0x08001110   Section        0  main.o(i.main)
    i.ps2_get_anolog_data                    0x08001324   Section        0  ps2.o(i.ps2_get_anolog_data)
    i.ps2_get_key_state                      0x08001330   Section        0  ps2.o(i.ps2_get_key_state)
    i.ps2_key_serch                          0x0800134c   Section        0  ps2.o(i.ps2_key_serch)
    i.ps2_mode_get                           0x080013b0   Section        0  ps2.o(i.ps2_mode_get)
    .data                                    0x20000000   Section       14  servo.o(.data)
    .data                                    0x20000010   Section      144  ps2.o(.data)
    .data                                    0x200000a0   Section        3  main.o(.data)
    .bss                                     0x200000a4   Section       21  ps2.o(.bss)
    STACK                                    0x200000c0   Section     1024  startup_stm32f10x_md.o(STACK)

    Global Symbols

    Symbol Name                              Value     Ov Type        Size  Object(Section)

    BuildAttributes$$THM_ISAv4$P$D$K$B$S$PE$A:L22UL41UL21$X:L11$S22US41US21$IEEE1$IW$USESV6$~STKCKD$USESV7$~SHL$OSPACE$EBA8$MICROLIB$REQ8$PRES8$EABIv2 0x00000000   Number         0  anon$$obj.o ABSOLUTE
    __ARM_use_no_argv                        0x00000000   Number         0  main.o ABSOLUTE
    __arm_fini_                               - Undefined Weak Reference
    __cpp_initialize__aeabi_                  - Undefined Weak Reference
    __cxa_finalize                            - Undefined Weak Reference
    __decompress                              - Undefined Weak Reference
    _clock_init                               - Undefined Weak Reference
    _microlib_exit                            - Undefined Weak Reference
    __Vectors_Size                           0x000000ec   Number         0  startup_stm32f10x_md.o ABSOLUTE
    __Vectors                                0x08000000   Data           4  startup_stm32f10x_md.o(RESET)
    __Vectors_End                            0x080000ec   Data           0  startup_stm32f10x_md.o(RESET)
    __main                                   0x080000ed   Thumb Code     0  entry.o(.ARM.Collect$$$$00000000)
    _main_stk                                0x080000ed   Thumb Code     0  entry2.o(.ARM.Collect$$$$00000001)
    _main_scatterload                        0x080000f1   Thumb Code     0  entry5.o(.ARM.Collect$$$$00000004)
    __main_after_scatterload                 0x080000f5   Thumb Code     0  entry5.o(.ARM.Collect$$$$00000004)
    _main_clock                              0x080000f5   Thumb Code     0  entry7b.o(.ARM.Collect$$$$00000008)
    _main_cpp_init                           0x080000f5   Thumb Code     0  entry8b.o(.ARM.Collect$$$$0000000A)
    _main_init                               0x080000f5   Thumb Code     0  entry9a.o(.ARM.Collect$$$$0000000B)
    __rt_lib_shutdown_fini                   0x080000fd   Thumb Code     0  entry12b.o(.ARM.Collect$$$$0000000E)
    __rt_final_cpp                           0x08000101   Thumb Code     0  entry10a.o(.ARM.Collect$$$$0000000F)
    __rt_final_exit                          0x08000101   Thumb Code     0  entry11a.o(.ARM.Collect$$$$00000011)
    Reset_Handler                            0x08000105   Thumb Code     8  startup_stm32f10x_md.o(.text)
    ADC1_2_IRQHandler                        0x0800011f   Thumb Code     0  startup_stm32f10x_md.o(.text)
    CAN1_RX1_IRQHandler                      0x0800011f   Thumb Code     0  startup_stm32f10x_md.o(.text)
    CAN1_SCE_IRQHandler                      0x0800011f   Thumb Code     0  startup_stm32f10x_md.o(.text)
    DMA1_Channel1_IRQHandler                 0x0800011f   Thumb Code     0  startup_stm32f10x_md.o(.text)
    DMA1_Channel2_IRQHandler                 0x0800011f   Thumb Code     0  startup_stm32f10x_md.o(.text)
    DMA1_Channel3_IRQHandler                 0x0800011f   Thumb Code     0  startup_stm32f10x_md.o(.text)
    DMA1_Channel4_IRQHandler                 0x0800011f   Thumb Code     0  startup_stm32f10x_md.o(.text)
    DMA1_Channel5_IRQHandler                 0x0800011f   Thumb Code     0  startup_stm32f10x_md.o(.text)
    DMA1_Channel6_IRQHandler                 0x0800011f   Thumb Code     0  startup_stm32f10x_md.o(.text)
    DMA1_Channel7_IRQHandler                 0x0800011f   Thumb Code     0  startup_stm32f10x_md.o(.text)
    EXTI0_IRQHandler                         0x0800011f   Thumb Code     0  startup_stm32f10x_md.o(.text)
    EXTI15_10_IRQHandler                     0x0800011f   Thumb Code     0  startup_stm32f10x_md.o(.text)
    EXTI1_IRQHandler                         0x0800011f   Thumb Code     0  startup_stm32f10x_md.o(.text)
    EXTI2_IRQHandler                         0x0800011f   Thumb Code     0  startup_stm32f10x_md.o(.text)
    EXTI3_IRQHandler                         0x0800011f   Thumb Code     0  startup_stm32f10x_md.o(.text)
    EXTI4_IRQHandler                         0x0800011f   Thumb Code     0  startup_stm32f10x_md.o(.text)
    EXTI9_5_IRQHandler                       0x0800011f   Thumb Code     0  startup_stm32f10x_md.o(.text)
    FLASH_IRQHandler                         0x0800011f   Thumb Code     0  startup_stm32f10x_md.o(.text)
    I2C1_ER_IRQHandler                       0x0800011f   Thumb Code     0  startup_stm32f10x_md.o(.text)
    I2C1_EV_IRQHandler                       0x0800011f   Thumb Code     0  startup_stm32f10x_md.o(.text)
    I2C2_ER_IRQHandler                       0x0800011f   Thumb Code     0  startup_stm32f10x_md.o(.text)
    I2C2_EV_IRQHandler                       0x0800011f   Thumb Code     0  startup_stm32f10x_md.o(.text)
    PVD_IRQHandler                           0x0800011f   Thumb Code     0  startup_stm32f10x_md.o(.text)
    RCC_IRQHandler                           0x0800011f   Thumb Code     0  startup_stm32f10x_md.o(.text)
    RTCAlarm_IRQHandler                      0x0800011f   Thumb Code     0  startup_stm32f10x_md.o(.text)
    RTC_IRQHandler                           0x0800011f   Thumb Code     0  startup_stm32f10x_md.o(.text)
    SPI1_IRQHandler                          0x0800011f   Thumb Code     0  startup_stm32f10x_md.o(.text)
    SPI2_IRQHandler                          0x0800011f   Thumb Code     0  startup_stm32f10x_md.o(.text)
    TAMPER_IRQHandler                        0x0800011f   Thumb Code     0  startup_stm32f10x_md.o(.text)
    TIM1_BRK_IRQHandler                      0x0800011f   Thumb Code     0  startup_stm32f10x_md.o(.text)
    TIM1_CC_IRQHandler                       0x0800011f   Thumb Code     0  startup_stm32f10x_md.o(.text)
    TIM1_TRG_COM_IRQHandler                  0x0800011f   Thumb Code     0  startup_stm32f10x_md.o(.text)
    TIM2_IRQHandler                          0x0800011f   Thumb Code     0  startup_stm32f10x_md.o(.text)
    TIM3_IRQHandler                          0x0800011f   Thumb Code     0  startup_stm32f10x_md.o(.text)
    TIM4_IRQHandler                          0x0800011f   Thumb Code     0  startup_stm32f10x_md.o(.text)
    USART1_IRQHandler                        0x0800011f   Thumb Code     0  startup_stm32f10x_md.o(.text)
    USART2_IRQHandler                        0x0800011f   Thumb Code     0  startup_stm32f10x_md.o(.text)
    USART3_IRQHandler                        0x0800011f   Thumb Code     0  startup_stm32f10x_md.o(.text)
    USBWakeUp_IRQHandler                     0x0800011f   Thumb Code     0  startup_stm32f10x_md.o(.text)
    USB_HP_CAN1_TX_IRQHandler                0x0800011f   Thumb Code     0  startup_stm32f10x_md.o(.text)
    USB_LP_CAN1_RX0_IRQHandler               0x0800011f   Thumb Code     0  startup_stm32f10x_md.o(.text)
    WWDG_IRQHandler                          0x0800011f   Thumb Code     0  startup_stm32f10x_md.o(.text)
    __scatterload                            0x08000129   Thumb Code    28  init.o(.text)
    __scatterload_rt2                        0x08000129   Thumb Code     0  init.o(.text)
    BusFault_Handler                         0x0800014d   Thumb Code     4  stm32f10x_it.o(i.BusFault_Handler)
    Car_Backward                             0x08000151   Thumb Code    38  motor.o(i.Car_Backward)
    Car_Forward                              0x08000177   Thumb Code    38  motor.o(i.Car_Forward)
    Car_TransLeft                            0x0800019d   Thumb Code    38  motor.o(i.Car_TransLeft)
    Car_TransRight                           0x080001c3   Thumb Code    38  motor.o(i.Car_TransRight)
    Car_TurnLeft                             0x080001e9   Thumb Code    38  motor.o(i.Car_TurnLeft)
    Car_TurnRight                            0x0800020f   Thumb Code    38  motor.o(i.Car_TurnRight)
    DebugMon_Handler                         0x08000235   Thumb Code     2  stm32f10x_it.o(i.DebugMon_Handler)
    Delay_ms                                 0x08000237   Thumb Code    24  delay.o(i.Delay_ms)
    Delay_us                                 0x0800024f   Thumb Code    46  delay.o(i.Delay_us)
    GPIO_Init                                0x0800027d   Thumb Code   278  stm32f10x_gpio.o(i.GPIO_Init)
    GPIO_ReadInputDataBit                    0x08000393   Thumb Code    18  stm32f10x_gpio.o(i.GPIO_ReadInputDataBit)
    GPIO_ResetBits                           0x080003a5   Thumb Code     4  stm32f10x_gpio.o(i.GPIO_ResetBits)
    GPIO_SetBits                             0x080003a9   Thumb Code     4  stm32f10x_gpio.o(i.GPIO_SetBits)
    HardFault_Handler                        0x080003ad   Thumb Code     4  stm32f10x_it.o(i.HardFault_Handler)
    MemManage_Handler                        0x080003b1   Thumb Code     4  stm32f10x_it.o(i.MemManage_Handler)
    Motor1_SetSpeed                          0x080003b5   Thumb Code    64  motor.o(i.Motor1_SetSpeed)
    Motor2_SetSpeed                          0x080003f5   Thumb Code    64  motor.o(i.Motor2_SetSpeed)
    Motor3_SetSpeed                          0x08000435   Thumb Code    56  motor.o(i.Motor3_SetSpeed)
    Motor4_SetSpeed                          0x08000471   Thumb Code    56  motor.o(i.Motor4_SetSpeed)
    Motor_Init                               0x080004ad   Thumb Code   338  motor.o(i.Motor_Init)
    NMI_Handler                              0x0800060d   Thumb Code     2  stm32f10x_it.o(i.NMI_Handler)
    NVIC_Init                                0x08000611   Thumb Code   100  misc.o(i.NVIC_Init)
    NVIC_PriorityGroupConfig                 0x08000681   Thumb Code    10  misc.o(i.NVIC_PriorityGroupConfig)
    PS2_CS_H                                 0x08000695   Thumb Code    12  ps2.o(i.PS2_CS_H)
    PS2_CS_L                                 0x080006a5   Thumb Code    12  ps2.o(i.PS2_CS_L)
    PS2_Cmd                                  0x080006b5   Thumb Code    86  ps2.o(i.PS2_Cmd)
    PS2_DI                                   0x0800070d   Thumb Code    16  ps2.o(i.PS2_DI)
    PS2_DO_H                                 0x08000721   Thumb Code    12  ps2.o(i.PS2_DO_H)
    PS2_DO_L                                 0x08000731   Thumb Code    12  ps2.o(i.PS2_DO_L)
    PS2_Delay_US                             0x08000741   Thumb Code    10  ps2.o(i.PS2_Delay_US)
    PS2_EnterConfing                         0x0800074b   Thumb Code    78  ps2.o(i.PS2_EnterConfing)
    PS2_ExitConfing                          0x08000799   Thumb Code    78  ps2.o(i.PS2_ExitConfing)
    PS2_GPIO_Init                            0x080007e9   Thumb Code    64  ps2.o(i.PS2_GPIO_Init)
    PS2_Init                                 0x0800082d   Thumb Code    44  ps2.o(i.PS2_Init)
    PS2_ReadData                             0x08000859   Thumb Code    66  ps2.o(i.PS2_ReadData)
    PS2_SCK_H                                0x080008a5   Thumb Code    12  ps2.o(i.PS2_SCK_H)
    PS2_SCK_L                                0x080008b5   Thumb Code    12  ps2.o(i.PS2_SCK_L)
    PS2_ShortPoll                            0x080008c5   Thumb Code    54  ps2.o(i.PS2_ShortPoll)
    PS2_TurnOnAnalogMode                     0x080008fb   Thumb Code    78  ps2.o(i.PS2_TurnOnAnalogMode)
    PendSV_Handler                           0x08000949   Thumb Code     2  stm32f10x_it.o(i.PendSV_Handler)
    RCC_APB1PeriphClockCmd                   0x0800094d   Thumb Code    26  stm32f10x_rcc.o(i.RCC_APB1PeriphClockCmd)
    RCC_APB2PeriphClockCmd                   0x0800096d   Thumb Code    26  stm32f10x_rcc.o(i.RCC_APB2PeriphClockCmd)
    RobotArm_DropHand                        0x0800098d   Thumb Code    20  servo.o(i.RobotArm_DropHand)
    RobotArm_LetHand                         0x080009a5   Thumb Code    20  servo.o(i.RobotArm_LetHand)
    RobotArm_RaiseHand                       0x080009bd   Thumb Code    20  servo.o(i.RobotArm_RaiseHand)
    RobotArm_ShakeHand                       0x080009d5   Thumb Code    20  servo.o(i.RobotArm_ShakeHand)
    RobotArm_ShinkHand                       0x080009ed   Thumb Code    20  servo.o(i.RobotArm_ShinkHand)
    RobotArm_StrechHand                      0x08000a05   Thumb Code    20  servo.o(i.RobotArm_StrechHand)
    Robot_Arm_Gpio_Init                      0x08000a1d   Thumb Code    50  servo.o(i.Robot_Arm_Gpio_Init)
    Robot_LeftPwm_Set                        0x08000a55   Thumb Code    32  servo.o(i.Robot_LeftPwm_Set)
    Robot_RightPwm_Set                       0x08000a79   Thumb Code    32  servo.o(i.Robot_RightPwm_Set)
    Robot_UpPwm_Set                          0x08000a9d   Thumb Code    32  servo.o(i.Robot_UpPwm_Set)
    SVC_Handler                              0x08000ac1   Thumb Code     2  stm32f10x_it.o(i.SVC_Handler)
    Servo_Init                               0x08000ac5   Thumb Code    36  servo.o(i.Servo_Init)
    Servo_Time_Init                          0x08000af5   Thumb Code   110  servo.o(i.Servo_Time_Init)
    SysTick_Handler                          0x08000c51   Thumb Code     2  stm32f10x_it.o(i.SysTick_Handler)
    SystemInit                               0x08000c55   Thumb Code    78  system_stm32f10x.o(i.SystemInit)
    TIM1_UP_IRQHandler                       0x08000cb5   Thumb Code   150  servo.o(i.TIM1_UP_IRQHandler)
    TIM_ClearFlag                            0x08000d65   Thumb Code     6  stm32f10x_tim.o(i.TIM_ClearFlag)
    TIM_ClearITPendingBit                    0x08000d6b   Thumb Code     6  stm32f10x_tim.o(i.TIM_ClearITPendingBit)
    TIM_Cmd                                  0x08000d71   Thumb Code    24  stm32f10x_tim.o(i.TIM_Cmd)
    TIM_GetITStatus                          0x08000d89   Thumb Code    34  stm32f10x_tim.o(i.TIM_GetITStatus)
    TIM_ITConfig                             0x08000dab   Thumb Code    18  stm32f10x_tim.o(i.TIM_ITConfig)
    TIM_InternalClockConfig                  0x08000dbd   Thumb Code    12  stm32f10x_tim.o(i.TIM_InternalClockConfig)
    TIM_OC1Init                              0x08000dc9   Thumb Code   132  stm32f10x_tim.o(i.TIM_OC1Init)
    TIM_OC2Init                              0x08000e61   Thumb Code   154  stm32f10x_tim.o(i.TIM_OC2Init)
    TIM_OC3Init                              0x08000f05   Thumb Code   150  stm32f10x_tim.o(i.TIM_OC3Init)
    TIM_OC4Init                              0x08000fa5   Thumb Code   114  stm32f10x_tim.o(i.TIM_OC4Init)
    TIM_OCStructInit                         0x08001021   Thumb Code    20  stm32f10x_tim.o(i.TIM_OCStructInit)
    TIM_SetCompare1                          0x08001035   Thumb Code     4  stm32f10x_tim.o(i.TIM_SetCompare1)
    TIM_SetCompare2                          0x08001039   Thumb Code     4  stm32f10x_tim.o(i.TIM_SetCompare2)
    TIM_SetCompare3                          0x0800103d   Thumb Code     4  stm32f10x_tim.o(i.TIM_SetCompare3)
    TIM_SetCompare4                          0x08001041   Thumb Code     6  stm32f10x_tim.o(i.TIM_SetCompare4)
    TIM_TimeBaseInit                         0x08001049   Thumb Code   122  stm32f10x_tim.o(i.TIM_TimeBaseInit)
    UsageFault_Handler                       0x080010ed   Thumb Code     4  stm32f10x_it.o(i.UsageFault_Handler)
    __scatterload_copy                       0x080010f1   Thumb Code    14  handlers.o(i.__scatterload_copy)
    __scatterload_null                       0x080010ff   Thumb Code     2  handlers.o(i.__scatterload_null)
    __scatterload_zeroinit                   0x08001101   Thumb Code    14  handlers.o(i.__scatterload_zeroinit)
    main                                     0x08001111   Thumb Code   520  main.o(i.main)
    ps2_get_anolog_data                      0x08001325   Thumb Code     8  ps2.o(i.ps2_get_anolog_data)
    ps2_get_key_state                        0x08001331   Thumb Code    22  ps2.o(i.ps2_get_key_state)
    ps2_key_serch                            0x0800134d   Thumb Code    88  ps2.o(i.ps2_key_serch)
    ps2_mode_get                             0x080013b1   Thumb Code    44  ps2.o(i.ps2_mode_get)
    Region$$Table$$Base                      0x080013e4   Number         0  anon$$obj.o(Region$$Table)
    Region$$Table$$Limit                     0x08001404   Number         0  anon$$obj.o(Region$$Table)
    robotarm_left                            0x20000000   Data           4  servo.o(.data)
    robotarm_up                              0x20000004   Data           4  servo.o(.data)
    robotarm_right                           0x20000008   Data           4  servo.o(.data)
    counter                                  0x2000000c   Data           2  servo.o(.data)
    Handkey                                  0x20000010   Data           4  ps2.o(.data)
    ps2_mode                                 0x20000014   Data           1  ps2.o(.data)
    Comd                                     0x20000015   Data           9  ps2.o(.data)
    MASK                                     0x20000020   Data         128  ps2.o(.data)
    KeyNum                                   0x200000a0   Data           1  main.o(.data)
    PS2_Mode                                 0x200000a1   Data           1  main.o(.data)
    Last_PS2_Mode                            0x200000a2   Data           1  main.o(.data)
    Data                                     0x200000a4   Data           9  ps2.o(.bss)
    key_search                               0x200000ad   Data          12  ps2.o(.bss)
    __initial_sp                             0x200004c0   Data           0  startup_stm32f10x_md.o(STACK)



==============================================================================

Memory Map of the image

  Image Entry point : 0x080000ed

  Load Region LR_IROM1 (Base: 0x08000000, Size: 0x000014a8, Max: 0x00010000, ABSOLUTE)

    Execution Region ER_IROM1 (Exec base: 0x08000000, Load base: 0x08000000, Size: 0x00001404, Max: 0x00010000, ABSOLUTE)

    Exec Addr    Load Addr    Size         Type   Attr      Idx    E Section Name        Object

    0x08000000   0x08000000   0x000000ec   Data   RO            3    RESET               startup_stm32f10x_md.o
    0x080000ec   0x080000ec   0x00000000   Code   RO         3687  * .ARM.Collect$$$$00000000  mc_w.l(entry.o)
    0x080000ec   0x080000ec   0x00000004   Code   RO         3690    .ARM.Collect$$$$00000001  mc_w.l(entry2.o)
    0x080000f0   0x080000f0   0x00000004   Code   RO         3693    .ARM.Collect$$$$00000004  mc_w.l(entry5.o)
    0x080000f4   0x080000f4   0x00000000   Code   RO         3695    .ARM.Collect$$$$00000008  mc_w.l(entry7b.o)
    0x080000f4   0x080000f4   0x00000000   Code   RO         3697    .ARM.Collect$$$$0000000A  mc_w.l(entry8b.o)
    0x080000f4   0x080000f4   0x00000008   Code   RO         3698    .ARM.Collect$$$$0000000B  mc_w.l(entry9a.o)
    0x080000fc   0x080000fc   0x00000004   Code   RO         3705    .ARM.Collect$$$$0000000E  mc_w.l(entry12b.o)
    0x08000100   0x08000100   0x00000000   Code   RO         3700    .ARM.Collect$$$$0000000F  mc_w.l(entry10a.o)
    0x08000100   0x08000100   0x00000000   Code   RO         3702    .ARM.Collect$$$$00000011  mc_w.l(entry11a.o)
    0x08000100   0x08000100   0x00000004   Code   RO         3691    .ARM.Collect$$$$00002712  mc_w.l(entry2.o)
    0x08000104   0x08000104   0x00000024   Code   RO            4    .text               startup_stm32f10x_md.o
    0x08000128   0x08000128   0x00000024   Code   RO         3706    .text               mc_w.l(init.o)
    0x0800014c   0x0800014c   0x00000004   Code   RO         3624    i.BusFault_Handler  stm32f10x_it.o
    0x08000150   0x08000150   0x00000026   Code   RO         3238    i.Car_Backward      motor.o
    0x08000176   0x08000176   0x00000026   Code   RO         3239    i.Car_Forward       motor.o
    0x0800019c   0x0800019c   0x00000026   Code   RO         3241    i.Car_TransLeft     motor.o
    0x080001c2   0x080001c2   0x00000026   Code   RO         3242    i.Car_TransRight    motor.o
    0x080001e8   0x080001e8   0x00000026   Code   RO         3243    i.Car_TurnLeft      motor.o
    0x0800020e   0x0800020e   0x00000026   Code   RO         3244    i.Car_TurnRight     motor.o
    0x08000234   0x08000234   0x00000002   Code   RO         3625    i.DebugMon_Handler  stm32f10x_it.o
    0x08000236   0x08000236   0x00000018   Code   RO         3196    i.Delay_ms          delay.o
    0x0800024e   0x0800024e   0x0000002e   Code   RO         3198    i.Delay_us          delay.o
    0x0800027c   0x0800027c   0x00000116   Code   RO         1347    i.GPIO_Init         stm32f10x_gpio.o
    0x08000392   0x08000392   0x00000012   Code   RO         1351    i.GPIO_ReadInputDataBit  stm32f10x_gpio.o
    0x080003a4   0x080003a4   0x00000004   Code   RO         1354    i.GPIO_ResetBits    stm32f10x_gpio.o
    0x080003a8   0x080003a8   0x00000004   Code   RO         1355    i.GPIO_SetBits      stm32f10x_gpio.o
    0x080003ac   0x080003ac   0x00000004   Code   RO         3626    i.HardFault_Handler  stm32f10x_it.o
    0x080003b0   0x080003b0   0x00000004   Code   RO         3627    i.MemManage_Handler  stm32f10x_it.o
    0x080003b4   0x080003b4   0x00000040   Code   RO         3245    i.Motor1_SetSpeed   motor.o
    0x080003f4   0x080003f4   0x00000040   Code   RO         3246    i.Motor2_SetSpeed   motor.o
    0x08000434   0x08000434   0x0000003c   Code   RO         3247    i.Motor3_SetSpeed   motor.o
    0x08000470   0x08000470   0x0000003c   Code   RO         3248    i.Motor4_SetSpeed   motor.o
    0x080004ac   0x080004ac   0x00000160   Code   RO         3249    i.Motor_Init        motor.o
    0x0800060c   0x0800060c   0x00000002   Code   RO         3628    i.NMI_Handler       stm32f10x_it.o
    0x0800060e   0x0800060e   0x00000002   PAD
    0x08000610   0x08000610   0x00000070   Code   RO          137    i.NVIC_Init         misc.o
    0x08000680   0x08000680   0x00000014   Code   RO          138    i.NVIC_PriorityGroupConfig  misc.o
    0x08000694   0x08000694   0x00000010   Code   RO         3445    i.PS2_CS_H          ps2.o
    0x080006a4   0x080006a4   0x00000010   Code   RO         3446    i.PS2_CS_L          ps2.o
    0x080006b4   0x080006b4   0x00000056   Code   RO         3448    i.PS2_Cmd           ps2.o
    0x0800070a   0x0800070a   0x00000002   PAD
    0x0800070c   0x0800070c   0x00000014   Code   RO         3449    i.PS2_DI            ps2.o
    0x08000720   0x08000720   0x00000010   Code   RO         3450    i.PS2_DO_H          ps2.o
    0x08000730   0x08000730   0x00000010   Code   RO         3451    i.PS2_DO_L          ps2.o
    0x08000740   0x08000740   0x0000000a   Code   RO         3452    i.PS2_Delay_US      ps2.o
    0x0800074a   0x0800074a   0x0000004e   Code   RO         3453    i.PS2_EnterConfing  ps2.o
    0x08000798   0x08000798   0x0000004e   Code   RO         3454    i.PS2_ExitConfing   ps2.o
    0x080007e6   0x080007e6   0x00000002   PAD
    0x080007e8   0x080007e8   0x00000044   Code   RO         3455    i.PS2_GPIO_Init     ps2.o
    0x0800082c   0x0800082c   0x0000002c   Code   RO         3456    i.PS2_Init          ps2.o
    0x08000858   0x08000858   0x0000004c   Code   RO         3457    i.PS2_ReadData      ps2.o
    0x080008a4   0x080008a4   0x00000010   Code   RO         3458    i.PS2_SCK_H         ps2.o
    0x080008b4   0x080008b4   0x00000010   Code   RO         3459    i.PS2_SCK_L         ps2.o
    0x080008c4   0x080008c4   0x00000036   Code   RO         3460    i.PS2_ShortPoll     ps2.o
    0x080008fa   0x080008fa   0x0000004e   Code   RO         3461    i.PS2_TurnOnAnalogMode  ps2.o
    0x08000948   0x08000948   0x00000002   Code   RO         3629    i.PendSV_Handler    stm32f10x_it.o
    0x0800094a   0x0800094a   0x00000002   PAD
    0x0800094c   0x0800094c   0x00000020   Code   RO         1775    i.RCC_APB1PeriphClockCmd  stm32f10x_rcc.o
    0x0800096c   0x0800096c   0x00000020   Code   RO         1777    i.RCC_APB2PeriphClockCmd  stm32f10x_rcc.o
    0x0800098c   0x0800098c   0x00000018   Code   RO         3355    i.RobotArm_DropHand  servo.o
    0x080009a4   0x080009a4   0x00000018   Code   RO         3356    i.RobotArm_LetHand  servo.o
    0x080009bc   0x080009bc   0x00000018   Code   RO         3357    i.RobotArm_RaiseHand  servo.o
    0x080009d4   0x080009d4   0x00000018   Code   RO         3358    i.RobotArm_ShakeHand  servo.o
    0x080009ec   0x080009ec   0x00000018   Code   RO         3359    i.RobotArm_ShinkHand  servo.o
    0x08000a04   0x08000a04   0x00000018   Code   RO         3360    i.RobotArm_StrechHand  servo.o
    0x08000a1c   0x08000a1c   0x00000038   Code   RO         3361    i.Robot_Arm_Gpio_Init  servo.o
    0x08000a54   0x08000a54   0x00000024   Code   RO         3362    i.Robot_LeftPwm_Set  servo.o
    0x08000a78   0x08000a78   0x00000024   Code   RO         3363    i.Robot_RightPwm_Set  servo.o
    0x08000a9c   0x08000a9c   0x00000024   Code   RO         3364    i.Robot_UpPwm_Set   servo.o
    0x08000ac0   0x08000ac0   0x00000002   Code   RO         3630    i.SVC_Handler       stm32f10x_it.o
    0x08000ac2   0x08000ac2   0x00000002   PAD
    0x08000ac4   0x08000ac4   0x00000030   Code   RO         3365    i.Servo_Init        servo.o
    0x08000af4   0x08000af4   0x00000074   Code   RO         3366    i.Servo_Time_Init   servo.o
    0x08000b68   0x08000b68   0x00000008   Code   RO           24    i.SetSysClock       system_stm32f10x.o
    0x08000b70   0x08000b70   0x000000e0   Code   RO           25    i.SetSysClockTo72   system_stm32f10x.o
    0x08000c50   0x08000c50   0x00000002   Code   RO         3631    i.SysTick_Handler   stm32f10x_it.o
    0x08000c52   0x08000c52   0x00000002   PAD
    0x08000c54   0x08000c54   0x00000060   Code   RO           27    i.SystemInit        system_stm32f10x.o
    0x08000cb4   0x08000cb4   0x000000b0   Code   RO         3367    i.TIM1_UP_IRQHandler  servo.o
    0x08000d64   0x08000d64   0x00000006   Code   RO         2415    i.TIM_ClearFlag     stm32f10x_tim.o
    0x08000d6a   0x08000d6a   0x00000006   Code   RO         2416    i.TIM_ClearITPendingBit  stm32f10x_tim.o
    0x08000d70   0x08000d70   0x00000018   Code   RO         2421    i.TIM_Cmd           stm32f10x_tim.o
    0x08000d88   0x08000d88   0x00000022   Code   RO         2442    i.TIM_GetITStatus   stm32f10x_tim.o
    0x08000daa   0x08000daa   0x00000012   Code   RO         2446    i.TIM_ITConfig      stm32f10x_tim.o
    0x08000dbc   0x08000dbc   0x0000000c   Code   RO         2448    i.TIM_InternalClockConfig  stm32f10x_tim.o
    0x08000dc8   0x08000dc8   0x00000098   Code   RO         2450    i.TIM_OC1Init       stm32f10x_tim.o
    0x08000e60   0x08000e60   0x000000a4   Code   RO         2455    i.TIM_OC2Init       stm32f10x_tim.o
    0x08000f04   0x08000f04   0x000000a0   Code   RO         2460    i.TIM_OC3Init       stm32f10x_tim.o
    0x08000fa4   0x08000fa4   0x0000007c   Code   RO         2465    i.TIM_OC4Init       stm32f10x_tim.o
    0x08001020   0x08001020   0x00000014   Code   RO         2468    i.TIM_OCStructInit  stm32f10x_tim.o
    0x08001034   0x08001034   0x00000004   Code   RO         2482    i.TIM_SetCompare1   stm32f10x_tim.o
    0x08001038   0x08001038   0x00000004   Code   RO         2483    i.TIM_SetCompare2   stm32f10x_tim.o
    0x0800103c   0x0800103c   0x00000004   Code   RO         2484    i.TIM_SetCompare3   stm32f10x_tim.o
    0x08001040   0x08001040   0x00000006   Code   RO         2485    i.TIM_SetCompare4   stm32f10x_tim.o
    0x08001046   0x08001046   0x00000002   PAD
    0x08001048   0x08001048   0x000000a4   Code   RO         2492    i.TIM_TimeBaseInit  stm32f10x_tim.o
    0x080010ec   0x080010ec   0x00000004   Code   RO         3632    i.UsageFault_Handler  stm32f10x_it.o
    0x080010f0   0x080010f0   0x0000000e   Code   RO         3710    i.__scatterload_copy  mc_w.l(handlers.o)
    0x080010fe   0x080010fe   0x00000002   Code   RO         3711    i.__scatterload_null  mc_w.l(handlers.o)
    0x08001100   0x08001100   0x0000000e   Code   RO         3712    i.__scatterload_zeroinit  mc_w.l(handlers.o)
    0x0800110e   0x0800110e   0x00000002   PAD
    0x08001110   0x08001110   0x00000214   Code   RO         3596    i.main              main.o
    0x08001324   0x08001324   0x0000000c   Code   RO         3464    i.ps2_get_anolog_data  ps2.o
    0x08001330   0x08001330   0x0000001c   Code   RO         3465    i.ps2_get_key_state  ps2.o
    0x0800134c   0x0800134c   0x00000064   Code   RO         3466    i.ps2_key_serch     ps2.o
    0x080013b0   0x080013b0   0x00000034   Code   RO         3467    i.ps2_mode_get      ps2.o
    0x080013e4   0x080013e4   0x00000020   Data   RO         3708    Region$$Table       anon$$obj.o


    Execution Region RW_IRAM1 (Exec base: 0x20000000, Load base: 0x08001404, Size: 0x000004c0, Max: 0x00005000, ABSOLUTE)

    Exec Addr    Load Addr    Size         Type   Attr      Idx    E Section Name        Object

    0x20000000   0x08001404   0x0000000e   Data   RW         3368    .data               servo.o
    0x2000000e   0x08001412   0x00000002   PAD
    0x20000010   0x08001414   0x00000090   Data   RW         3469    .data               ps2.o
    0x200000a0   0x080014a4   0x00000003   Data   RW         3597    .data               main.o
    0x200000a3   0x080014a7   0x00000001   PAD
    0x200000a4        -       0x00000015   Zero   RW         3468    .bss                ps2.o
    0x200000b9   0x080014a7   0x00000007   PAD
    0x200000c0        -       0x00000400   Zero   RW            1    STACK               startup_stm32f10x_md.o


==============================================================================

Image component sizes


      Code (inc. data)   RO Data    RW Data    ZI Data      Debug   Object Name

         0          0          0          0          0       4532   core_cm3.o
        70          0          0          0          0        986   delay.o
       532         12          0          3          0       1299   main.o
       132         22          0          0          0     204907   misc.o
       828         22          0          0          0       6310   motor.o
       880         72          0        144         21      10862   ps2.o
       648         86          0         14          0       7636   servo.o
        36          8        236          0       1024        824   startup_stm32f10x_md.o
         0          0          0          0          0       1688   stm32f10x_adc.o
       304          0          0          0          0      11964   stm32f10x_gpio.o
        26          0          0          0          0       3998   stm32f10x_it.o
        64         12          0          0          0       1130   stm32f10x_rcc.o
       902         92          0          0          0      30335   stm32f10x_tim.o
       328         28          0          0          0      30657   system_stm32f10x.o

    ----------------------------------------------------------------------
      4764        354        268        164       1052     317128   Object Totals
         0          0         32          0          0          0   (incl. Generated)
        14          0          0          3          7          0   (incl. Padding)

    ----------------------------------------------------------------------

      Code (inc. data)   RO Data    RW Data    ZI Data      Debug   Library Member Name

         0          0          0          0          0          0   entry.o
         0          0          0          0          0          0   entry10a.o
         0          0          0          0          0          0   entry11a.o
         4          0          0          0          0          0   entry12b.o
         8          4          0          0          0          0   entry2.o
         4          0          0          0          0          0   entry5.o
         0          0          0          0          0          0   entry7b.o
         0          0          0          0          0          0   entry8b.o
         8          4          0          0          0          0   entry9a.o
        30          0          0          0          0          0   handlers.o
        36          8          0          0          0         68   init.o

    ----------------------------------------------------------------------
        92         16          0          0          0         68   Library Totals
         2          0          0          0          0          0   (incl. Padding)

    ----------------------------------------------------------------------

      Code (inc. data)   RO Data    RW Data    ZI Data      Debug   Library Name

        90         16          0          0          0         68   mc_w.l

    ----------------------------------------------------------------------
        92         16          0          0          0         68   Library Totals

    ----------------------------------------------------------------------

==============================================================================


      Code (inc. data)   RO Data    RW Data    ZI Data      Debug   

      4856        370        268        164       1052     313240   Grand Totals
      4856        370        268        164       1052     313240   ELF Image Totals
      4856        370        268        164          0          0   ROM Totals

==============================================================================

    Total RO  Size (Code + RO Data)                 5124 (   5.00kB)
    Total RW  Size (RW Data + ZI Data)              1216 (   1.19kB)
    Total ROM Size (Code + RO Data + RW Data)       5288 (   5.16kB)

==============================================================================

